Component: ARM Compiler 5.06 update 6 (build 750) Tool: armlink [4d35ed]

==============================================================================

Section Cross References

    startup_stm32f10x_md.o(RESET) refers to startup_stm32f10x_md.o(STACK) for __initial_sp
    startup_stm32f10x_md.o(RESET) refers to startup_stm32f10x_md.o(.text) for Reset_Handler
    startup_stm32f10x_md.o(RESET) refers to stm32f10x_it.o(i.NMI_Handler) for NMI_Handler
    startup_stm32f10x_md.o(RESET) refers to stm32f10x_it.o(i.HardFault_Handler) for HardFault_Handler
    startup_stm32f10x_md.o(RESET) refers to stm32f10x_it.o(i.MemManage_Handler) for MemManage_Handler
    startup_stm32f10x_md.o(RESET) refers to stm32f10x_it.o(i.BusFault_Handler) for BusFault_Handler
    startup_stm32f10x_md.o(RESET) refers to stm32f10x_it.o(i.UsageFault_Handler) for UsageFault_Handler
    startup_stm32f10x_md.o(RESET) refers to stm32f10x_it.o(i.SVC_Handler) for SVC_Handler
    startup_stm32f10x_md.o(RESET) refers to stm32f10x_it.o(i.DebugMon_Handler) for DebugMon_Handler
    startup_stm32f10x_md.o(RESET) refers to stm32f10x_it.o(i.PendSV_Handler) for PendSV_Handler
    startup_stm32f10x_md.o(RESET) refers to stm32f10x_it.o(i.SysTick_Handler) for SysTick_Handler
    startup_stm32f10x_md.o(RESET) refers to main.o(i.EXTI4_IRQHandler) for EXTI4_IRQHandler
    startup_stm32f10x_md.o(RESET) refers to main.o(i.EXTI9_5_IRQHandler) for EXTI9_5_IRQHandler
    startup_stm32f10x_md.o(RESET) refers to main.o(i.TIM2_IRQHandler) for TIM2_IRQHandler
    startup_stm32f10x_md.o(RESET) refers to main.o(i.EXTI15_10_IRQHandler) for EXTI15_10_IRQHandler
    startup_stm32f10x_md.o(.text) refers to system_stm32f10x.o(i.SystemInit) for SystemInit
    startup_stm32f10x_md.o(.text) refers to entry.o(.ARM.Collect$$$$00000000) for __main
    system_stm32f10x.o(i.SetSysClock) refers to system_stm32f10x.o(i.SetSysClockTo72) for SetSysClockTo72
    system_stm32f10x.o(i.SystemCoreClockUpdate) refers to system_stm32f10x.o(.data) for SystemCoreClock
    system_stm32f10x.o(i.SystemInit) refers to system_stm32f10x.o(i.SetSysClock) for SetSysClock
    stm32f10x_adc.o(i.ADC_DeInit) refers to stm32f10x_rcc.o(i.RCC_APB2PeriphResetCmd) for RCC_APB2PeriphResetCmd
    stm32f10x_bkp.o(i.BKP_DeInit) refers to stm32f10x_rcc.o(i.RCC_BackupResetCmd) for RCC_BackupResetCmd
    stm32f10x_can.o(i.CAN_DeInit) refers to stm32f10x_rcc.o(i.RCC_APB1PeriphResetCmd) for RCC_APB1PeriphResetCmd
    stm32f10x_can.o(i.CAN_GetITStatus) refers to stm32f10x_can.o(i.CheckITStatus) for CheckITStatus
    stm32f10x_cec.o(i.CEC_DeInit) refers to stm32f10x_rcc.o(i.RCC_APB1PeriphResetCmd) for RCC_APB1PeriphResetCmd
    stm32f10x_dac.o(i.DAC_DeInit) refers to stm32f10x_rcc.o(i.RCC_APB1PeriphResetCmd) for RCC_APB1PeriphResetCmd
    stm32f10x_flash.o(i.FLASH_EnableWriteProtection) refers to stm32f10x_flash.o(i.FLASH_WaitForLastOperation) for FLASH_WaitForLastOperation
    stm32f10x_flash.o(i.FLASH_EraseAllBank1Pages) refers to stm32f10x_flash.o(i.FLASH_WaitForLastBank1Operation) for FLASH_WaitForLastBank1Operation
    stm32f10x_flash.o(i.FLASH_EraseAllPages) refers to stm32f10x_flash.o(i.FLASH_WaitForLastOperation) for FLASH_WaitForLastOperation
    stm32f10x_flash.o(i.FLASH_EraseOptionBytes) refers to stm32f10x_flash.o(i.FLASH_GetReadOutProtectionStatus) for FLASH_GetReadOutProtectionStatus
    stm32f10x_flash.o(i.FLASH_EraseOptionBytes) refers to stm32f10x_flash.o(i.FLASH_WaitForLastOperation) for FLASH_WaitForLastOperation
    stm32f10x_flash.o(i.FLASH_ErasePage) refers to stm32f10x_flash.o(i.FLASH_WaitForLastOperation) for FLASH_WaitForLastOperation
    stm32f10x_flash.o(i.FLASH_ProgramHalfWord) refers to stm32f10x_flash.o(i.FLASH_WaitForLastOperation) for FLASH_WaitForLastOperation
    stm32f10x_flash.o(i.FLASH_ProgramOptionByteData) refers to stm32f10x_flash.o(i.FLASH_WaitForLastOperation) for FLASH_WaitForLastOperation
    stm32f10x_flash.o(i.FLASH_ProgramWord) refers to stm32f10x_flash.o(i.FLASH_WaitForLastOperation) for FLASH_WaitForLastOperation
    stm32f10x_flash.o(i.FLASH_ReadOutProtection) refers to stm32f10x_flash.o(i.FLASH_WaitForLastOperation) for FLASH_WaitForLastOperation
    stm32f10x_flash.o(i.FLASH_UserOptionByteConfig) refers to stm32f10x_flash.o(i.FLASH_WaitForLastOperation) for FLASH_WaitForLastOperation
    stm32f10x_flash.o(i.FLASH_WaitForLastBank1Operation) refers to stm32f10x_flash.o(i.FLASH_GetBank1Status) for FLASH_GetBank1Status
    stm32f10x_flash.o(i.FLASH_WaitForLastOperation) refers to stm32f10x_flash.o(i.FLASH_GetBank1Status) for FLASH_GetBank1Status
    stm32f10x_gpio.o(i.GPIO_AFIODeInit) refers to stm32f10x_rcc.o(i.RCC_APB2PeriphResetCmd) for RCC_APB2PeriphResetCmd
    stm32f10x_gpio.o(i.GPIO_DeInit) refers to stm32f10x_rcc.o(i.RCC_APB2PeriphResetCmd) for RCC_APB2PeriphResetCmd
    stm32f10x_i2c.o(i.I2C_DeInit) refers to stm32f10x_rcc.o(i.RCC_APB1PeriphResetCmd) for RCC_APB1PeriphResetCmd
[...]
    i.qmcX983_enable                         0x08006dcc   Section        0  qmcx983.o(i.qmcX983_enable)
    qmcX983_enable                           0x08006dcd   Thumb Code   104  qmcx983.o(i.qmcX983_enable)
    i.qmcX983_init                           0x08006e48   Section        0  qmcx983.o(i.qmcX983_init)
    i.qmcX983_read_mag_xyz                   0x08006ec8   Section        0  qmcx983.o(i.qmcX983_read_mag_xyz)
    i.qmcX983_start_measure                  0x0800704c   Section        0  qmcx983.o(i.qmcX983_start_measure)
    qmcX983_start_measure                    0x0800704d   Thumb Code    12  qmcx983.o(i.qmcX983_start_measure)
    i.qmcx983_get_OPT                        0x08007058   Section        0  qmcx983.o(i.qmcx983_get_OPT)
    qmcx983_get_OPT                          0x08007059   Thumb Code   352  qmcx983.o(i.qmcx983_get_OPT)
    i.qmp6988_ReadData                       0x0800721c   Section        0  qmp6988.o(i.qmp6988_ReadData)
    i.qmp6988_WriteReg                       0x08007238   Section        0  qmp6988.o(i.qmp6988_WriteReg)
    i.qmp6988_calc_altitude                  0x0800724c   Section        0  qmp6988.o(i.qmp6988_calc_altitude)
    i.qmp6988_calc_pressure                  0x080072d4   Section        0  qmp6988.o(i.qmp6988_calc_pressure)
    i.qmp6988_convTx_02e                     0x080073a4   Section        0  qmp6988.o(i.qmp6988_convTx_02e)
    qmp6988_convTx_02e                       0x080073a5   Thumb Code   114  qmp6988.o(i.qmp6988_convTx_02e)
    i.qmp6988_delay                          0x08007416   Section        0  qmp6988.o(i.qmp6988_delay)
    qmp6988_delay                            0x08007417   Thumb Code    24  qmp6988.o(i.qmp6988_delay)
    i.qmp6988_device_check                   0x08007430   Section        0  qmp6988.o(i.qmp6988_device_check)
    qmp6988_device_check                     0x08007431   Thumb Code    80  qmp6988.o(i.qmp6988_device_check)
    i.qmp6988_get_calibration_data           0x080074c0   Section        0  qmp6988.o(i.qmp6988_get_calibration_data)
    qmp6988_get_calibration_data             0x080074c1   Thumb Code   710  qmp6988.o(i.qmp6988_get_calibration_data)
    i.qmp6988_get_pressure_02e               0x08007944   Section        0  qmp6988.o(i.qmp6988_get_pressure_02e)
    qmp6988_get_pressure_02e                 0x08007945   Thumb Code   578  qmp6988.o(i.qmp6988_get_pressure_02e)
    i.qmp6988_init                           0x08007b86   Section        0  qmp6988.o(i.qmp6988_init)
    i.qmp6988_set_filter                     0x08007bce   Section        0  qmp6988.o(i.qmp6988_set_filter)
    qmp6988_set_filter                       0x08007bcf   Thumb Code    28  qmp6988.o(i.qmp6988_set_filter)
    i.qmp6988_set_oversampling_p             0x08007bea   Section        0  qmp6988.o(i.qmp6988_set_oversampling_p)
    qmp6988_set_oversampling_p               0x08007beb   Thumb Code    60  qmp6988.o(i.qmp6988_set_oversampling_p)
    i.qmp6988_set_oversampling_t             0x08007c26   Section        0  qmp6988.o(i.qmp6988_set_oversampling_t)
    qmp6988_set_oversampling_t               0x08007c27   Thumb Code    60  qmp6988.o(i.qmp6988_set_oversampling_t)
    i.qmp6988_set_powermode                  0x08007c64   Section        0  qmp6988.o(i.qmp6988_set_powermode)
    qmp6988_set_powermode                    0x08007c65   Thumb Code   108  qmp6988.o(i.qmp6988_set_powermode)
    i.qmp6988_software_reset                 0x08007d08   Section        0  qmp6988.o(i.qmp6988_software_reset)
    qmp6988_software_reset                   0x08007d09   Thumb Code     2  qmp6988.o(i.qmp6988_software_reset)
    i.qst_algo_imu_cali                      0x08007d0c   Section        0  imualgo.o(i.qst_algo_imu_cali)
    i.qst_algo_imu_data_process              0x080083f8   Section        0  imualgo.o(i.qst_algo_imu_data_process)
    i.qst_algo_imu_get_offset                0x080084cc   Section        0  imualgo.o(i.qst_algo_imu_get_offset)
    i.qst_algo_imu_init                      0x08008520   Section        0  imualgo.o(i.qst_algo_imu_init)
    i.qst_delay                              0x08008764   Section        0  main.o(i.qst_delay)
    i.qst_sensor_read                        0x08008778   Section        0  main.o(i.qst_sensor_read)
    i.qst_sw_readreg                         0x080088f8   Section        0  qst_sw_i2c.o(i.qst_sw_readreg)
    i.qst_sw_writereg                        0x0800896a   Section        0  qst_sw_i2c.o(i.qst_sw_writereg)
    i.removePointAt                          0x080089b0   Section        0  ical.o(i.removePointAt)
    i.sinf                                   0x08008a3c   Section        0  sinf.o(i.sinf)
    i.sqrt                                   0x08008bc4   Section        0  sqrt.o(i.sqrt)
    i.sqrtf                                  0x08008c10   Section        0  sqrtf.o(i.sqrtf)
    i.storeCalibrationToFile                 0x08008c3c   Section        0  ical.o(i.storeCalibrationToFile)
    i.update_offset                          0x08008cb4   Section        0  ical.o(i.update_offset)
    i.vec_diff                               0x08008d90   Section        0  ical.o(i.vec_diff)
    i.vec_magnitude                          0x08008dbc   Section        0  ical.o(i.vec_magnitude)
    .constdata                               0x08008e16   Section      134  qmax981.o(.constdata)
    qst_map                                  0x08008e16   Data          96  qmax981.o(.constdata)
    .constdata                               0x08008e9c   Section       37  qmcx983.o(.constdata)
    __func__                                 0x08008e9c   Data          21  qmcx983.o(.constdata)
    __func__                                 0x08008eb1   Data          16  qmcx983.o(.constdata)
    .constdata                               0x08008ec1   Section       21  qmp6988.o(.constdata)
    __func__                                 0x08008ec1   Data          21  qmp6988.o(.constdata)
    .constdata                               0x08008ed6   Section       19  qmc6308.o(.constdata)
    __func__                                 0x08008ed6   Data          19  qmc6308.o(.constdata)
    .constdata                               0x08008eec   Section       12  imualgo.o(.constdata)
    .constdata                               0x08008ef8   Section      136  pow.o(.constdata)
    bp                                       0x08008ef8   Data          16  pow.o(.constdata)
    dp_h                                     0x08008f08   Data          16  pow.o(.constdata)
    dp_l                                     0x08008f18   Data          16  pow.o(.constdata)
    L                                        0x08008f28   Data          48  pow.o(.constdata)
    P                                        0x08008f58   Data          40  pow.o(.constdata)
    .constdata                               0x08008f80   Section      152  atan.o(.constdata)
    atanhi                                   0x08008f80   Data          32  atan.o(.constdata)
    atanlo                                   0x08008fa0   Data          32  atan.o(.constdata)
    aTodd                                    0x08008fc0   Data          40  atan.o(.constdata)
    aTeven                                   0x08008fe8   Data          48  atan.o(.constdata)
    .constdata                               0x08009018   Section        8  qnan.o(.constdata)
    .constdata                               0x08009020   Section       32  rredf.o(.constdata)
    twooverpi                                0x08009020   Data          32  rredf.o(.constdata)
    .conststring                             0x08009040   Section       20  ical.o(.conststring)
    .data                                    0x20000000   Section       20  system_stm32f10x.o(.data)
    .data                                    0x20000014   Section       20  stm32f10x_rcc.o(.data)
    APBAHBPrescTable                         0x20000014   Data          16  stm32f10x_rcc.o(.data)
    ADCPrescTable                            0x20000024   Data           4  stm32f10x_rcc.o(.data)
    .data                                    0x20000028   Section       32  main.o(.data)
    g_chip                                   0x20000028   Data           5  main.o(.data)
    qst_mcu_sleep                            0x2000002d   Data           1  main.o(.data)
    acc_out_raw                              0x2000002e   Data           6  main.o(.data)
    gyro_out_raw                             0x20000034   Data           6  main.o(.data)
    sum_1                                    0x2000003c   Data           4  main.o(.data)
    sum_2                                    0x20000040   Data           4  main.o(.data)
    check_count                              0x20000044   Data           4  main.o(.data)
    .data                                    0x20000048   Section       12  bsp_systick.o(.data)
    uwTick                                   0x20000048   Data           8  bsp_systick.o(.data)
    .data                                    0x20000054   Section        1  qmax981.o(.data)
    QMAX981_I2C_ADDR                         0x20000054   Data           1  qmax981.o(.data)
    .data                                    0x20000056   Section      128  qmcx983.o(.data)
    .data                                    0x200000d6   Section       12  fis210x.o(.data)
    acc_lsb_div                              0x200000d6   Data           2  fis210x.o(.data)
    gyro_lsb_div                             0x200000d8   Data           2  fis210x.o(.data)
    fisimu_config                            0x200000da   Data           8  fis210x.o(.data)
    .data                                    0x200000e2   Section       10  qmc6308.o(.data)
    sensor_mask                              0x200000e2   Data           4  qmc6308.o(.data)
    g_map                                    0x200000e6   Data           6  qmc6308.o(.data)
    .data                                    0x200000ec   Section       32  imualgo.o(.data)
    cali_count                               0x200000ec   Data           4  imualgo.o(.data)
    gyro_x_thres                             0x200000f0   Data           4  imualgo.o(.data)
    gyro_y_thres                             0x200000f4   Data           4  imualgo.o(.data)
    gyro_z_thres                             0x200000f8   Data           4  imualgo.o(.data)
    gyro_stable_count                        0x20000108   Data           1  imualgo.o(.data)
    anti_gyro_stable_count                   0x20000109   Data           1  imualgo.o(.data)
    linear_acc_init                          0x2000010a   Data           1  imualgo.o(.data)
    gravity_acc_init                         0x2000010b   Data           1  imualgo.o(.data)
    .data                                    0x2000010c   Section       60  ical.o(.data)
    AvgMagR                                  0x20000120   Data           2  ical.o(.data)
    lastStatus                               0x20000123   Data           1  ical.o(.data)
    curAccuracy                              0x20000124   Data           1  ical.o(.data)
    nCheckHorizontal                         0x2000012e   Data           1  ical.o(.data)
    IsHorizontal                             0x2000012f   Data           1  ical.o(.data)
    .data                                    0x20000148   Section        4  stdout.o(.data)
    .data                                    0x2000014c   Section        4  errno.o(.data)
    _errno                                   0x2000014c   Data           4  errno.o(.data)
    .bss                                     0x20000150   Section      332  main.o(.bss)
    g_out                                    0x20000150   Data         216  main.o(.bss)
    g_imu                                    0x20000228   Data          40  main.o(.bss)
    qmc_cali                                 0x20000250   Data          60  main.o(.bss)
    g_acc                                    0x2000028c   Data          16  main.o(.bss)
    .bss                                     0x2000029c   Section       36  qmax981.o(.bss)
    g_qmaX981                                0x2000029c   Data          24  qmax981.o(.bss)
    g_nm                                     0x200002b4   Data          12  qmax981.o(.bss)
    .bss                                     0x200002c0   Section       20  qmcx983.o(.bss)
    g_qmcX983                                0x200002c0   Data          20  qmcx983.o(.bss)
    .bss                                     0x200002d4   Section       12  fis210x.o(.bss)
    imu_map                                  0x200002d4   Data          12  fis210x.o(.bss)
    .bss                                     0x200002e0   Section     2132  imualgo.o(.bss)
    gravity                                  0x200002e0   Data          12  imualgo.o(.bss)
    offset_acc                               0x200002ec   Data          12  imualgo.o(.bss)
    offset_gyro                              0x200002f8   Data          12  imualgo.o(.bss)
    offset_dq                                0x20000304   Data          16  imualgo.o(.bss)
    accel_data                               0x20000314   Data         600  imualgo.o(.bss)
    gyro_data                                0x2000056c   Data         600  imualgo.o(.bss)
    dq_data                                  0x200007c4   Data         800  imualgo.o(.bss)
    rms_dq                                   0x20000ae4   Data          16  imualgo.o(.bss)
    qstimu                                   0x20000af4   Data          48  imualgo.o(.bss)
    qstdq                                    0x20000b24   Data          16  imualgo.o(.bss)
    .bss                                     0x20000b34   Section     2396  ical.o(.bss)
    icalMgr                                  0x20000b34   Data          20  ical.o(.bss)
    icalEns                                  0x20000b48   Data         300  ical.o(.bss)
    ma                                       0x20000c74   Data         128  ical.o(.bss)
    Jpt                                      0x20000cf4   Data          16  ical.o(.bss)
    JTJ                                      0x20000d04   Data          64  ical.o(.bss)
    JTK                                      0x20000d44   Data          16  ical.o(.bss)
    Jout                                     0x20000d54   Data          16  ical.o(.bss)
    magX                                     0x20000d64   Data         200  ical.o(.bss)
    magY                                     0x20000e2c   Data         200  ical.o(.bss)
    magZ                                     0x20000ef4   Data         200  ical.o(.bss)
    magXX                                    0x20000fbc   Data         200  ical.o(.bss)
    magYY                                    0x20001084   Data         200  ical.o(.bss)
    magZZ                                    0x2000114c   Data         200  ical.o(.bss)
    rr                                       0x20001214   Data         200  ical.o(.bss)
    seedCal                                  0x200012dc   Data          14  ical.o(.bss)
    newCal                                   0x200012ea   Data          14  ical.o(.bss)
    STACK                                    0x20001490   Section     1024  startup_stm32f10x_md.o(STACK)

    Global Symbols

    Symbol Name                              Value     Ov Type        Size  Object(Section)

    BuildAttributes$$THM_ISAv4$P$D$K$B$S$PE$A:L22UL41UL21$X:L11$S22US41US21$IEEE1$IW$USESV6$~STKCKD$USESV7$~SHL$OTIME$ROPI$IEEEX$EBA8$MICROLIB$REQ8$PRES8$EABIv2 0x00000000   Number         0  anon$$obj.o ABSOLUTE
    __ARM_use_no_argv                        0x00000000   Number         0  main.o ABSOLUTE
    _printf_a                                0x00000000   Number         0  stubs.o ABSOLUTE
    _printf_c                                0x00000000   Number         0  stubs.o ABSOLUTE
    _printf_charcount                        0x00000000   Number         0  stubs.o ABSOLUTE
    _printf_d                                0x00000000   Number         0  stubs.o ABSOLUTE
    _printf_e                                0x00000000   Number         0  stubs.o ABSOLUTE
    _printf_f                                0x00000000   Number         0  stubs.o ABSOLUTE
    _printf_flags                            0x00000000   Number         0  stubs.o ABSOLUTE
    _printf_fp_dec                           0x00000000   Number         0  stubs.o ABSOLUTE
    _printf_fp_hex                           0x00000000   Number         0  stubs.o ABSOLUTE
    _printf_g                                0x00000000   Number         0  stubs.o ABSOLUTE
    _printf_i                                0x00000000   Number         0  stubs.o ABSOLUTE
    _printf_int_dec                          0x00000000   Number         0  stubs.o ABSOLUTE
    _printf_l                                0x00000000   Number         0  stubs.o ABSOLUTE
    _printf_lc                               0x00000000   Number         0  stubs.o ABSOLUTE
    _printf_ll                               0x00000000   Number         0  stubs.o ABSOLUTE
    _printf_lld                              0x00000000   Number         0  stubs.o ABSOLUTE
    _printf_lli                              0x00000000   Number         0  stubs.o ABSOLUTE
    _printf_llo                              0x00000000   Number         0  stubs.o ABSOLUTE
    _printf_llu                              0x00000000   Number         0  stubs.o ABSOLUTE
    _printf_llx                              0x00000000   Number         0  stubs.o ABSOLUTE
    _printf_longlong_dec                     0x00000000   Number         0  stubs.o ABSOLUTE
    _printf_longlong_hex                     0x00000000   Number         0  stubs.o ABSOLUTE
    _printf_longlong_oct                     0x00000000   Number         0  stubs.o ABSOLUTE
    _printf_ls                               0x00000000   Number         0  stubs.o ABSOLUTE
    _printf_mbtowc                           0x00000000   Number         0  stubs.o ABSOLUTE
    _printf_n                                0x00000000   Number         0  stubs.o ABSOLUTE
    _printf_o                                0x00000000   Number         0  stubs.o ABSOLUTE
    _printf_p                                0x00000000   Number         0  stubs.o ABSOLUTE
    _printf_percent                          0x00000000   Number         0  stubs.o ABSOLUTE
    _printf_pre_padding                      0x00000000   Number         0  stubs.o ABSOLUTE
    _printf_return_value                     0x00000000   Number         0  stubs.o ABSOLUTE
    _printf_s                                0x00000000   Number         0  stubs.o ABSOLUTE
    _printf_sizespec                         0x00000000   Number         0  stubs.o ABSOLUTE
    _printf_str                              0x00000000   Number         0  stubs.o ABSOLUTE
    _printf_truncate_signed                  0x00000000   Number         0  stubs.o ABSOLUTE
    _printf_truncate_unsigned                0x00000000   Number         0  stubs.o ABSOLUTE
    _printf_u                                0x00000000   Number         0  stubs.o ABSOLUTE
    _printf_wc                               0x00000000   Number         0  stubs.o ABSOLUTE
    _printf_wctomb                           0x00000000   Number         0  stubs.o ABSOLUTE
    _printf_widthprec                        0x00000000   Number         0  stubs.o ABSOLUTE
    _printf_x                                0x00000000   Number         0  stubs.o ABSOLUTE
    __cpp_initialize__aeabi_                  - Undefined Weak Reference
    __cxa_finalize                            - Undefined Weak Reference
    _clock_init                               - Undefined Weak Reference
    _microlib_exit                            - Undefined Weak Reference
    _scanf_longlong                           - Undefined Weak Reference
    _scanf_real                               - Undefined Weak Reference
    _scanf_string                             - Undefined Weak Reference
    __Vectors_Size                           0x000000ec   Number         0  startup_stm32f10x_md.o ABSOLUTE
    __Vectors                                0x08000000   Data           4  startup_stm32f10x_md.o(RESET)
    __Vectors_End                            0x080000ec   Data           0  startup_stm32f10x_md.o(RESET)
    __main                                   0x080000ed   Thumb Code     0  entry.o(.ARM.Collect$$$$00000000)
    _main_stk                                0x080000ed   Thumb Code     0  entry2.o(.ARM.Collect$$$$00000001)
    _main_scatterload                        0x080000f1   Thumb Code     0  entry5.o(.ARM.Collect$$$$00000004)
    __main_after_scatterload                 0x080000f5   Thumb Code     0  entry5.o(.ARM.Collect$$$$00000004)
    _main_clock                              0x080000f5   Thumb Code     0  entry7b.o(.ARM.Collect$$$$00000008)
    _main_cpp_init                           0x080000f5   Thumb Code     0  entry8b.o(.ARM.Collect$$$$0000000A)
    _main_init                               0x080000f5   Thumb Code     0  entry9a.o(.ARM.Collect$$$$0000000B)
    __rt_final_cpp                           0x080000fd   Thumb Code     0  entry10a.o(.ARM.Collect$$$$0000000D)
    __rt_final_exit                          0x080000fd   Thumb Code     0  entry11a.o(.ARM.Collect$$$$0000000F)
    Reset_Handler                            0x08000101   Thumb Code     8  startup_stm32f10x_md.o(.text)
    ADC1_2_IRQHandler                        0x0800011b   Thumb Code     0  startup_stm32f10x_md.o(.text)
    CAN1_RX1_IRQHandler                      0x0800011b   Thumb Code     0  startup_stm32f10x_md.o(.text)
    CAN1_SCE_IRQHandler                      0x0800011b   Thumb Code     0  startup_stm32f10x_md.o(.text)
    DMA1_Channel1_IRQHandler                 0x0800011b   Thumb Code     0  startup_stm32f10x_md.o(.text)
    DMA1_Channel2_IRQHandler                 0x0800011b   Thumb Code     0  startup_stm32f10x_md.o(.text)
    DMA1_Channel3_IRQHandler                 0x0800011b   Thumb Code     0  startup_stm32f10x_md.o(.text)
    DMA1_Channel4_IRQHandler                 0x0800011b   Thumb Code     0  startup_stm32f10x_md.o(.text)
    DMA1_Channel5_IRQHandler                 0x0800011b   Thumb Code     0  startup_stm32f10x_md.o(.text)
    DMA1_Channel6_IRQHandler                 0x0800011b   Thumb Code     0  startup_stm32f10x_md.o(.text)
    DMA1_Channel7_IRQHandler                 0x0800011b   Thumb Code     0  startup_stm32f10x_md.o(.text)
    EXTI0_IRQHandler                         0x0800011b   Thumb Code     0  startup_stm32f10x_md.o(.text)
    EXTI1_IRQHandler                         0x0800011b   Thumb Code     0  startup_stm32f10x_md.o(.text)
    EXTI2_IRQHandler                         0x0800011b   Thumb Code     0  startup_stm32f10x_md.o(.text)
    EXTI3_IRQHandler                         0x0800011b   Thumb Code     0  startup_stm32f10x_md.o(.text)
    FLASH_IRQHandler                         0x0800011b   Thumb Code     0  startup_stm32f10x_md.o(.text)
    I2C1_ER_IRQHandler                       0x0800011b   Thumb Code     0  startup_stm32f10x_md.o(.text)
    I2C1_EV_IRQHandler                       0x0800011b   Thumb Code     0  startup_stm32f10x_md.o(.text)
    I2C2_ER_IRQHandler                       0x0800011b   Thumb Code     0  startup_stm32f10x_md.o(.text)
    I2C2_EV_IRQHandler                       0x0800011b   Thumb Code     0  startup_stm32f10x_md.o(.text)
    PVD_IRQHandler                           0x0800011b   Thumb Code     0  startup_stm32f10x_md.o(.text)
    RCC_IRQHandler                           0x0800011b   Thumb Code     0  startup_stm32f10x_md.o(.text)
    RTCAlarm_IRQHandler                      0x0800011b   Thumb Code     0  startup_stm32f10x_md.o(.text)
    RTC_IRQHandler                           0x0800011b   Thumb Code     0  startup_stm32f10x_md.o(.text)
    SPI1_IRQHandler                          0x0800011b   Thumb Code     0  startup_stm32f10x_md.o(.text)
    SPI2_IRQHandler                          0x0800011b   Thumb Code     0  startup_stm32f10x_md.o(.text)
    TAMPER_IRQHandler                        0x0800011b   Thumb Code     0  startup_stm32f10x_md.o(.text)
    TIM1_BRK_IRQHandler                      0x0800011b   Thumb Code     0  startup_stm32f10x_md.o(.text)
    TIM1_CC_IRQHandler                       0x0800011b   Thumb Code     0  startup_stm32f10x_md.o(.text)
    TIM1_TRG_COM_IRQHandler                  0x0800011b   Thumb Code     0  startup_stm32f10x_md.o(.text)
    TIM1_UP_IRQHandler                       0x0800011b   Thumb Code     0  startup_stm32f10x_md.o(.text)
    TIM3_IRQHandler                          0x0800011b   Thumb Code     0  startup_stm32f10x_md.o(.text)
    TIM4_IRQHandler                          0x0800011b   Thumb Code     0  startup_stm32f10x_md.o(.text)
    USART1_IRQHandler                        0x0800011b   Thumb Code     0  startup_stm32f10x_md.o(.text)
    USART2_IRQHandler                        0x0800011b   Thumb Code     0  startup_stm32f10x_md.o(.text)
    USART3_IRQHandler                        0x0800011b   Thumb Code     0  startup_stm32f10x_md.o(.text)
    USBWakeUp_IRQHandler                     0x0800011b   Thumb Code     0  startup_stm32f10x_md.o(.text)
    USB_HP_CAN1_TX_IRQHandler                0x0800011b   Thumb Code     0  startup_stm32f10x_md.o(.text)
    USB_LP_CAN1_RX0_IRQHandler               0x0800011b   Thumb Code     0  startup_stm32f10x_md.o(.text)
    WWDG_IRQHandler                          0x0800011b   Thumb Code     0  startup_stm32f10x_md.o(.text)
    __aeabi_ldivmod                          0x08000125   Thumb Code    98  ldiv.o(.text)
    __aeabi_memcpy                           0x08000187   Thumb Code    36  memcpya.o(.text)
    __aeabi_memcpy4                          0x08000187   Thumb Code     0  memcpya.o(.text)
    __aeabi_memcpy8                          0x08000187   Thumb Code     0  memcpya.o(.text)
    __aeabi_memset                           0x080001ab   Thumb Code    14  memseta.o(.text)
    __aeabi_memset4                          0x080001ab   Thumb Code     0  memseta.o(.text)
    __aeabi_memset8                          0x080001ab   Thumb Code     0  memseta.o(.text)
    __aeabi_memclr                           0x080001b9   Thumb Code     4  memseta.o(.text)
    __aeabi_memclr4                          0x080001b9   Thumb Code     0  memseta.o(.text)
    __aeabi_memclr8                          0x080001b9   Thumb Code     0  memseta.o(.text)
    _memset$wrapper                          0x080001bd   Thumb Code    18  memseta.o(.text)
    __aeabi_fadd                             0x080001cf   Thumb Code   164  fadd.o(.text)
    __aeabi_fsub                             0x08000273   Thumb Code     6  fadd.o(.text)
    __aeabi_frsub                            0x08000279   Thumb Code     6  fadd.o(.text)
    __aeabi_fmul                             0x0800027f   Thumb Code   100  fmul.o(.text)
    __aeabi_fdiv                             0x080002e3   Thumb Code   124  fdiv.o(.text)
    __aeabi_dadd                             0x0800035f   Thumb Code   322  dadd.o(.text)
    __aeabi_dsub                             0x080004a1   Thumb Code     6  dadd.o(.text)
    __aeabi_drsub                            0x080004a7   Thumb Code     6  dadd.o(.text)
    __aeabi_dmul                             0x080004ad   Thumb Code   228  dmul.o(.text)
    __aeabi_ddiv                             0x08000591   Thumb Code   222  ddiv.o(.text)
    __aeabi_i2f                              0x0800066f   Thumb Code    18  fflti.o(.text)
    __aeabi_ui2f                             0x08000681   Thumb Code    10  ffltui.o(.text)
    __aeabi_i2d                              0x0800068b   Thumb Code    34  dflti.o(.text)
    __aeabi_f2iz                             0x080006ad   Thumb Code    50  ffixi.o(.text)
    __aeabi_f2d                              0x080006df   Thumb Code    38  f2d.o(.text)
    __aeabi_cdcmpeq                          0x08000705   Thumb Code     0  cdcmple.o(.text)
    __aeabi_cdcmple                          0x08000705   Thumb Code    48  cdcmple.o(.text)
    __aeabi_cdrcmple                         0x08000735   Thumb Code    48  cdrcmple.o(.text)
    __aeabi_d2f                              0x08000765   Thumb Code    56  d2f.o(.text)
    __aeabi_cfcmpeq                          0x0800079d   Thumb Code     0  cfcmple.o(.text)
    __aeabi_cfcmple                          0x0800079d   Thumb Code    20  cfcmple.o(.text)
    __aeabi_cfrcmple                         0x080007b1   Thumb Code    20  cfrcmple.o(.text)
    __aeabi_uidiv                            0x080007c5   Thumb Code     0  uidiv.o(.text)
    __aeabi_uidivmod                         0x080007c5   Thumb Code    44  uidiv.o(.text)
    __aeabi_uldivmod                         0x080007f1   Thumb Code    98  uldiv.o(.text)
    __aeabi_llsl                             0x08000853   Thumb Code    30  llshl.o(.text)
    _ll_shift_l                              0x08000853   Thumb Code     0  llshl.o(.text)
    __aeabi_llsr                             0x08000871   Thumb Code    32  llushr.o(.text)
    _ll_ushift_r                             0x08000871   Thumb Code     0  llushr.o(.text)
    __aeabi_lasr                             0x08000891   Thumb Code    36  llsshr.o(.text)
    _ll_sshift_r                             0x08000891   Thumb Code     0  llsshr.o(.text)
    __I$use$fp                               0x080008b5   Thumb Code     0  iusefp.o(.text)
    _float_round                             0x080008b5   Thumb Code    18  fepilogue.o(.text)
    _float_epilogue                          0x080008c7   Thumb Code    92  fepilogue.o(.text)
    __ARM_scalbnf                            0x08000923   Thumb Code    24  fscalb.o(.text)
    scalbnf                                  0x08000923   Thumb Code     0  fscalb.o(.text)
    _fsqrt                                   0x0800093b   Thumb Code    94  fsqrt.o(.text)
    _frnd                                    0x08000999   Thumb Code    60  frnd.o(.text)
    _double_round                            0x080009d5   Thumb Code    30  depilogue.o(.text)
    _double_epilogue                         0x080009f3   Thumb Code   156  depilogue.o(.text)
    __ARM_scalbn                             0x08000a8f   Thumb Code    46  dscalb.o(.text)
    scalbn                                   0x08000a8f   Thumb Code     0  dscalb.o(.text)
    __aeabi_d2ulz                            0x08000abd   Thumb Code    48  dfixul.o(.text)
    __scatterload                            0x08000aed   Thumb Code    28  init.o(.text)
    __scatterload_rt2                        0x08000aed   Thumb Code     0  init.o(.text)
    _dsqrt                                   0x08000b11   Thumb Code   162  dsqrt.o(.text)
    __decompress                             0x08000bb3   Thumb Code     0  __dczerorl2.o(.text)
    __decompress1                            0x08000bb3   Thumb Code    86  __dczerorl2.o(.text)
    BusFault_Handler                         0x08000c09   Thumb Code     4  stm32f10x_it.o(i.BusFault_Handler)
    DebugMon_Handler                         0x08000c0d   Thumb Code     2  stm32f10x_it.o(i.DebugMon_Handler)
    EXTI15_10_IRQHandler                     0x08000c11   Thumb Code    28  main.o(i.EXTI15_10_IRQHandler)
    EXTI4_IRQHandler                         0x08000c31   Thumb Code    24  main.o(i.EXTI4_IRQHandler)
    EXTI9_5_IRQHandler                       0x08000c4d   Thumb Code    48  main.o(i.EXTI9_5_IRQHandler)
    EXTI_ClearITPendingBit                   0x08000c81   Thumb Code     6  stm32f10x_exti.o(i.EXTI_ClearITPendingBit)
    EXTI_GetITStatus                         0x08000c8d   Thumb Code    34  stm32f10x_exti.o(i.EXTI_GetITStatus)
    EXTI_Init                                0x08000cb5   Thumb Code   142  stm32f10x_exti.o(i.EXTI_Init)
    Filter_Acc                               0x08000d49   Thumb Code   186  ical.o(i.Filter_Acc)
    Filter_Mag                               0x08000e11   Thumb Code   190  ical.o(i.Filter_Mag)
    Filter_Ori                               0x08000edd   Thumb Code   308  ical.o(i.Filter_Ori)
    FisImu_Config_apply                      0x08001029   Thumb Code    84  fis210x.o(i.FisImu_Config_apply)
    FisImu_config_acc                        0x0800107d   Thumb Code   148  fis210x.o(i.FisImu_config_acc)
    FisImu_config_ae                         0x08001115   Thumb Code    38  fis210x.o(i.FisImu_config_ae)
    FisImu_config_gyro                       0x0800113d   Thumb Code   184  fis210x.o(i.FisImu_config_gyro)
    FisImu_config_mag                        0x080011f9   Thumb Code     2  fis210x.o(i.FisImu_config_mag)
    FisImu_disableWakeOnMotion               0x080011fb   Thumb Code    24  fis210x.o(i.FisImu_disableWakeOnMotion)
    FisImu_doCtrl9Command                    0x08001213   Thumb Code   116  fis210x.o(i.FisImu_doCtrl9Command)
    FisImu_enableSensors                     0x08001287   Thumb Code    26  fis210x.o(i.FisImu_enableSensors)
    FisImu_init                              0x080012a1   Thumb Code   204  fis210x.o(i.FisImu_init)
    FisImu_readStatus0                       0x08001419   Thumb Code    18  fis210x.o(i.FisImu_readStatus0)
    FisImu_readStatus1                       0x0800142b   Thumb Code    18  fis210x.o(i.FisImu_readStatus1)
    FisImu_read_reg                          0x0800143d   Thumb Code    32  fis210x.o(i.FisImu_read_reg)
    FisImu_read_xyz                          0x0800145d   Thumb Code   538  fis210x.o(i.FisImu_read_xyz)
    FisImu_read_xyz_raw                      0x0800168d   Thumb Code   128  fis210x.o(i.FisImu_read_xyz_raw)
    FisImu_set_layout                        0x0800170d   Thumb Code   278  fis210x.o(i.FisImu_set_layout)
    FisImu_write_reg                         0x08001829   Thumb Code    24  fis210x.o(i.FisImu_write_reg)
    GPIO_EXTILineConfig                      0x08001841   Thumb Code    60  stm32f10x_gpio.o(i.GPIO_EXTILineConfig)
    GPIO_Init                                0x08001881   Thumb Code   278  stm32f10x_gpio.o(i.GPIO_Init)
    GPIO_ResetBits                           0x08001997   Thumb Code     4  stm32f10x_gpio.o(i.GPIO_ResetBits)
    GPIO_SetBits                             0x0800199b   Thumb Code     4  stm32f10x_gpio.o(i.GPIO_SetBits)
    HAL_GetTick                              0x080019a1   Thumb Code     8  bsp_systick.o(i.HAL_GetTick)
    HAL_IncTick                              0x080019ad   Thumb Code    36  bsp_systick.o(i.HAL_IncTick)
    HardFault_Handler                        0x080019d9   Thumb Code     4  stm32f10x_it.o(i.HardFault_Handler)
    InvSqrt                                  0x080019dd   Thumb Code   150  ical.o(i.InvSqrt)
    MemManage_Handler                        0x08001a79   Thumb Code     4  stm32f10x_it.o(i.MemManage_Handler)
    NMI_Handler                              0x08001a7d   Thumb Code     2  stm32f10x_it.o(i.NMI_Handler)
    NVIC_Init                                0x08001a81   Thumb Code   100  misc.o(i.NVIC_Init)
    NVIC_PriorityGroupConfig                 0x08001af1   Thumb Code    10  misc.o(i.NVIC_PriorityGroupConfig)
    PWR_EnterSTOPMode                        0x08001b05   Thumb Code    54  stm32f10x_pwr.o(i.PWR_EnterSTOPMode)
    PendSV_Handler                           0x08001b45   Thumb Code     2  stm32f10x_it.o(i.PendSV_Handler)
    RCC_APB1PeriphClockCmd                   0x08001b49   Thumb Code    26  stm32f10x_rcc.o(i.RCC_APB1PeriphClockCmd)
    RCC_APB2PeriphClockCmd                   0x08001b69   Thumb Code    26  stm32f10x_rcc.o(i.RCC_APB2PeriphClockCmd)
    RCC_DeInit                               0x08001b89   Thumb Code    64  stm32f10x_rcc.o(i.RCC_DeInit)
    RCC_GetClocksFreq                        0x08001bd5   Thumb Code   192  stm32f10x_rcc.o(i.RCC_GetClocksFreq)
    RCC_GetFlagStatus                        0x08001ca9   Thumb Code    56  stm32f10x_rcc.o(i.RCC_GetFlagStatus)
    RCC_GetSYSCLKSource                      0x08001ce5   Thumb Code    10  stm32f10x_rcc.o(i.RCC_GetSYSCLKSource)
    RCC_HCLKConfig                           0x08001cf5   Thumb Code    18  stm32f10x_rcc.o(i.RCC_HCLKConfig)
    RCC_HSEConfig                            0x08001d0d   Thumb Code    70  stm32f10x_rcc.o(i.RCC_HSEConfig)
    RCC_PCLK1Config                          0x08001d59   Thumb Code    18  stm32f10x_rcc.o(i.RCC_PCLK1Config)
    RCC_PCLK2Config                          0x08001d71   Thumb Code    20  stm32f10x_rcc.o(i.RCC_PCLK2Config)
    RCC_PLLCmd                               0x08001d89   Thumb Code     6  stm32f10x_rcc.o(i.RCC_PLLCmd)
    RCC_PLLConfig                            0x08001d95   Thumb Code    24  stm32f10x_rcc.o(i.RCC_PLLConfig)
    RCC_SYSCLKConfig                         0x08001db1   Thumb Code    18  stm32f10x_rcc.o(i.RCC_SYSCLKConfig)
    RCC_WaitForHSEStartUp                    0x08001dc9   Thumb Code    56  stm32f10x_rcc.o(i.RCC_WaitForHSEStartUp)
    SVC_Handler                              0x08001e01   Thumb Code     2  stm32f10x_it.o(i.SVC_Handler)
    Set_Picth_Roll                           0x08001f41   Thumb Code    14  ical.o(i.Set_Picth_Roll)
    SysTick_Enable                           0x08001f59   Thumb Code    38  bsp_systick.o(i.SysTick_Enable)
    SysTick_Handler                          0x08001f7f   Thumb Code     8  stm32f10x_it.o(i.SysTick_Handler)
    SysTick_Init                             0x08001f89   Thumb Code   108  bsp_systick.o(i.SysTick_Init)
    SystemInit                               0x08002001   Thumb Code    78  system_stm32f10x.o(i.SystemInit)
    TIM2_IRQHandler                          0x08002061   Thumb Code    26  main.o(i.TIM2_IRQHandler)
    TIM_ClearITPendingBit                    0x0800207b   Thumb Code     6  stm32f10x_tim.o(i.TIM_ClearITPendingBit)
    TIM_GetITStatus                          0x08002081   Thumb Code    34  stm32f10x_tim.o(i.TIM_GetITStatus)
    USART_Cmd                                0x080020a3   Thumb Code    24  stm32f10x_usart.o(i.USART_Cmd)
    USART_Config                             0x080020bd   Thumb Code   116  bsp_usart.o(i.USART_Config)
    USART_GetFlagStatus                      0x08002139   Thumb Code    26  stm32f10x_usart.o(i.USART_GetFlagStatus)
    USART_Init                               0x08002155   Thumb Code   210  stm32f10x_usart.o(i.USART_Init)
    USART_SendData                           0x0800222d   Thumb Code     8  stm32f10x_usart.o(i.USART_SendData)
    UsageFault_Handler                       0x08002235   Thumb Code     4  stm32f10x_it.o(i.UsageFault_Handler)
    qst_algo_gravity_acc(float*)             0x08002239   Thumb Code   150  imualgo.o(i._Z20qst_algo_gravity_accPf)
    qmemset(void*, char, int)                0x080022e1   Thumb Code    20  imualgo.o(i._Z7qmemsetPvci)
    FastSqrt(float)                          0x080022f5   Thumb Code    20  fastmath.o(i._Z8FastSqrtf)
    FastSqrtI(float)                         0x08002309   Thumb Code    62  fastmath.o(i._Z9FastSqrtIf)
    __0fprintf                               0x08002355   Thumb Code    22  printfa.o(i.__0fprintf)
    __1fprintf                               0x08002355   Thumb Code     0  printfa.o(i.__0fprintf)
    __2fprintf                               0x08002355   Thumb Code     0  printfa.o(i.__0fprintf)
    __c89fprintf                             0x08002355   Thumb Code     0  printfa.o(i.__0fprintf)
    fprintf                                  0x08002355   Thumb Code     0  printfa.o(i.__0fprintf)
    __0printf                                0x08002371   Thumb Code    22  printfa.o(i.__0printf)
    __1printf                                0x08002371   Thumb Code     0  printfa.o(i.__0printf)
    __2printf                                0x08002371   Thumb Code     0  printfa.o(i.__0printf)
    __c89printf                              0x08002371   Thumb Code     0  printfa.o(i.__0printf)
    printf                                   0x08002371   Thumb Code     0  printfa.o(i.__0printf)
    __ARM_fpclassify                         0x08002391   Thumb Code    40  fpclassify.o(i.__ARM_fpclassify)
    __ARM_fpclassifyf                        0x080023b9   Thumb Code    38  fpclassifyf.o(i.__ARM_fpclassifyf)
    __kernel_poly                            0x080023df   Thumb Code   170  poly.o(i.__kernel_poly)
    __mathlib_dbl_divzero                    0x08002489   Thumb Code    12  dunder.o(i.__mathlib_dbl_divzero)
    __mathlib_dbl_infnan                     0x08002499   Thumb Code     6  dunder.o(i.__mathlib_dbl_infnan)
    __mathlib_dbl_infnan2                    0x0800249f   Thumb Code     4  dunder.o(i.__mathlib_dbl_infnan2)
    __mathlib_dbl_invalid                    0x080024a3   Thumb Code    12  dunder.o(i.__mathlib_dbl_invalid)
    __mathlib_dbl_overflow                   0x080024af   Thumb Code    14  dunder.o(i.__mathlib_dbl_overflow)
    __mathlib_dbl_underflow                  0x080024bd   Thumb Code    10  dunder.o(i.__mathlib_dbl_underflow)
    __mathlib_flt_infnan                     0x080024cd   Thumb Code     6  funder.o(i.__mathlib_flt_infnan)
    __mathlib_flt_invalid                    0x080024d3   Thumb Code     8  funder.o(i.__mathlib_flt_invalid)
    __mathlib_flt_underflow                  0x080024db   Thumb Code    10  funder.o(i.__mathlib_flt_underflow)
    __mathlib_rredf2                         0x080024e5   Thumb Code   344  rredf.o(i.__mathlib_rredf2)
    __scatterload_copy                       0x0800264d   Thumb Code    14  handlers.o(i.__scatterload_copy)
    __scatterload_null                       0x0800265b   Thumb Code     2  handlers.o(i.__scatterload_null)
    __scatterload_zeroinit                   0x0800265d   Thumb Code    14  handlers.o(i.__scatterload_zeroinit)
    __set_errno                              0x0800266d   Thumb Code     6  errno.o(i.__set_errno)
    asinf                                    0x08003079   Thumb Code   254  asinf.o(i.asinf)
    atan                                     0x0800319d   Thumb Code   474  atan.o(i.atan)
    atan2                                    0x080033bd   Thumb Code   346  atan2.o(i.atan2)
    bsp_gpio_config                          0x0800353d   Thumb Code   144  main.o(i.bsp_gpio_config)
    checkAccuracy                            0x080035d5   Thumb Code   148  ical.o(i.checkAccuracy)
    clear_offset                             0x08003675   Thumb Code     8  ical.o(i.clear_offset)
    cosf                                     0x08003681   Thumb Code   328  cosf.o(i.cosf)
    delay_us                                 0x080037fd   Thumb Code   132  qst_sw_i2c.o(i.delay_us)
    em_JTJ                                   0x08003881   Thumb Code   110  ical.o(i.em_JTJ)
    em_JTJinvJK                              0x080038f9   Thumb Code    76  ical.o(i.em_JTJinvJK)
    em_JTK                                   0x08003951   Thumb Code    64  ical.o(i.em_JTK)
    em_average                               0x08003999   Thumb Code   152  ical.o(i.em_average)
    em_center                                0x08003a31   Thumb Code    94  ical.o(i.em_center)
    em_demean                                0x08003a95   Thumb Code    92  ical.o(i.em_demean)
    em_invert                                0x08003af1   Thumb Code   316  ical.o(i.em_invert)
    em_moveData                              0x08003c31   Thumb Code    46  ical.o(i.em_moveData)
    em_prepare_data                          0x08003c69   Thumb Code   206  ical.o(i.em_prepare_data)
    em_restore_data                          0x08003d4d   Thumb Code   208  ical.o(i.em_restore_data)
    em_results                               0x08003e1d   Thumb Code   190  ical.o(i.em_results)
    fputc                                    0x08003edd   Thumb Code    32  bsp_usart.o(i.fputc)
    get_mag_accuracy                         0x08003f01   Thumb Code     6  ical.o(i.get_mag_accuracy)
    i2c_Ack                                  0x08003f0d   Thumb Code    58  qst_sw_i2c.o(i.i2c_Ack)
    i2c_NAck                                 0x08003f4d   Thumb Code    48  qst_sw_i2c.o(i.i2c_NAck)
    i2c_ReadByte                             0x08003f81   Thumb Code   142  qst_sw_i2c.o(i.i2c_ReadByte)
    i2c_SendByte                             0x08004015   Thumb Code    94  qst_sw_i2c.o(i.i2c_SendByte)
    i2c_Start                                0x08004079   Thumb Code    76  qst_sw_i2c.o(i.i2c_Start)
    i2c_Stop                                 0x080040c9   Thumb Code    56  qst_sw_i2c.o(i.i2c_Stop)
    i2c_WaitAck                              0x08004105   Thumb Code   120  qst_sw_i2c.o(i.i2c_WaitAck)
    i2c_sw_gpio_config                       0x08004181   Thumb Code    44  qst_sw_i2c.o(i.i2c_sw_gpio_config)
    ical_Init                                0x080041b1   Thumb Code    56  ical.o(i.ical_Init)
    ical_addSample                           0x080041f9   Thumb Code    62  ical.o(i.ical_addSample)
    ical_clearFarPoint                       0x08004241   Thumb Code   274  ical.o(i.ical_clearFarPoint)
    ical_collectDataPoint                    0x0800435d   Thumb Code    46  ical.o(i.ical_collectDataPoint)
    ical_computeCalibration                  0x08004391   Thumb Code   108  ical.o(i.ical_computeCalibration)
    ical_qualify                             0x08004405   Thumb Code   220  ical.o(i.ical_qualify)
    ical_shiftData                           0x080044ed   Thumb Code   206  ical.o(i.ical_shiftData)
    mFabs                                    0x080049b1   Thumb Code    24  ical.o(i.mFabs)
    mMemset                                  0x080049c9   Thumb Code    22  ical.o(i.mMemset)
    mSabs                                    0x080049df   Thumb Code    16  ical.o(i.mSabs)
    mSqrt                                    0x080049f1   Thumb Code    94  ical.o(i.mSqrt)
    main                                     0x08004a5d   Thumb Code   522  main.o(i.main)
    pow                                      0x08004d85   Thumb Code  2512  pow.o(i.pow)
    process                                  0x0800575d   Thumb Code   986  ical.o(i.process)
    push2mcal                                0x08005b9d   Thumb Code   408  ical.o(i.push2mcal)
    qmaX981_check_no_motion                  0x080062f5   Thumb Code   182  qmax981.o(i.qmaX981_check_no_motion)
    qmaX981_chip_id                          0x080063d1   Thumb Code    30  qmax981.o(i.qmaX981_chip_id)
    qmaX981_delay                            0x0800640d   Thumb Code    24  qmax981.o(i.qmaX981_delay)
    qmaX981_init                             0x08006425   Thumb Code   322  qmax981.o(i.qmaX981_init)
    qmaX981_irq_hdlr                         0x080065d1   Thumb Code    74  qmax981.o(i.qmaX981_irq_hdlr)
    qmaX981_read_acc                         0x08006649   Thumb Code   174  qmax981.o(i.qmaX981_read_acc)
    qmaX981_read_raw                         0x08006701   Thumb Code    52  qmax981.o(i.qmaX981_read_raw)
    qmaX981_readreg                          0x08006739   Thumb Code    24  qmax981.o(i.qmaX981_readreg)
    qmaX981_writereg                         0x08006755   Thumb Code    20  qmax981.o(i.qmaX981_writereg)
    qmc6308_init                             0x0800685d   Thumb Code    96  qmc6308.o(i.qmc6308_init)
    qmc6308_read_mag_xyz                     0x080068ed   Thumb Code   230  qmc6308.o(i.qmc6308_read_mag_xyz)
    qmc6308_set_mode                         0x08006af1   Thumb Code    62  qmc6308.o(i.qmc6308_set_mode)
    qmc6308_set_output_data_rate             0x08006b59   Thumb Code    66  qmc6308.o(i.qmc6308_set_output_data_rate)
    qmcX983_ReadData                         0x08006be3   Thumb Code    24  qmcx983.o(i.qmcX983_ReadData)
    qmcX983_WriteReg                         0x08006bfb   Thumb Code    20  qmcx983.o(i.qmcX983_WriteReg)
    qmcX983_init                             0x08006e49   Thumb Code    96  qmcx983.o(i.qmcX983_init)
    qmcX983_read_mag_xyz                     0x08006ec9   Thumb Code   374  qmcx983.o(i.qmcX983_read_mag_xyz)
    qmp6988_ReadData                         0x0800721d   Thumb Code    28  qmp6988.o(i.qmp6988_ReadData)
    qmp6988_WriteReg                         0x08007239   Thumb Code    20  qmp6988.o(i.qmp6988_WriteReg)
    qmp6988_calc_altitude                    0x0800724d   Thumb Code   106  qmp6988.o(i.qmp6988_calc_altitude)
    qmp6988_calc_pressure                    0x080072d5   Thumb Code   176  qmp6988.o(i.qmp6988_calc_pressure)
    qmp6988_init                             0x08007b87   Thumb Code    72  qmp6988.o(i.qmp6988_init)
    qst_algo_imu_cali                        0x08007d0d   Thumb Code  1704  imualgo.o(i.qst_algo_imu_cali)
    qst_algo_imu_data_process                0x080083f9   Thumb Code   190  imualgo.o(i.qst_algo_imu_data_process)
    qst_algo_imu_get_offset                  0x080084cd   Thumb Code    62  imualgo.o(i.qst_algo_imu_get_offset)
    qst_algo_imu_init                        0x08008521   Thumb Code   572  imualgo.o(i.qst_algo_imu_init)
    qst_delay                                0x08008765   Thumb Code    16  main.o(i.qst_delay)
    qst_sensor_read                          0x08008779   Thumb Code   366  main.o(i.qst_sensor_read)
    qst_sw_readreg                           0x080088f9   Thumb Code   114  qst_sw_i2c.o(i.qst_sw_readreg)
    qst_sw_writereg                          0x0800896b   Thumb Code    68  qst_sw_i2c.o(i.qst_sw_writereg)
    removePointAt                            0x080089b1   Thumb Code   130  ical.o(i.removePointAt)
    sinf                                     0x08008a3d   Thumb Code   338  sinf.o(i.sinf)
    sqrt                                     0x08008bc5   Thumb Code    76  sqrt.o(i.sqrt)
    sqrtf                                    0x08008c11   Thumb Code    44  sqrtf.o(i.sqrtf)
    storeCalibrationToFile                   0x08008c3d   Thumb Code    98  ical.o(i.storeCalibrationToFile)
    update_offset                            0x08008cb5   Thumb Code   200  ical.o(i.update_offset)
    vec_diff                                 0x08008d91   Thumb Code    44  ical.o(i.vec_diff)
    vec_magnitude                            0x08008dbd   Thumb Code    90  ical.o(i.vec_magnitude)
    qma6981_init_tbl                         0x08008e76   Data          18  qmax981.o(.constdata)
    qma7981_init_tbl                         0x08008e88   Data          20  qmax981.o(.constdata)
    __mathlib_zero                           0x08009018   Data           8  qnan.o(.constdata)
    Region$$Table$$Base                      0x08009054   Number         0  anon$$obj.o(Region$$Table)
    Region$$Table$$Limit                     0x08009074   Number         0  anon$$obj.o(Region$$Table)
    SystemCoreClock                          0x20000000   Data           4  system_stm32f10x.o(.data)
    AHBPrescTable                            0x20000004   Data          16  system_stm32f10x.o(.data)
    TickDelay                                0x20000050   Data           4  bsp_systick.o(.data)
    qmcX983_map                              0x20000056   Data         128  qmcx983.o(.data)
    exInt                                    0x200000fc   Data           4  imualgo.o(.data)
    eyInt                                    0x20000100   Data           4  imualgo.o(.data)
    ezInt                                    0x20000104   Data           4  imualgo.o(.data)
    Gain                                     0x2000010c   Data           4  ical.o(.data)
    wkCoefficients                           0x20000110   Data           4  ical.o(.data)
    ofsX                                     0x20000114   Data           2  ical.o(.data)
    ofsY                                     0x20000116   Data           2  ical.o(.data)
    ofsZ                                     0x20000118   Data           2  ical.o(.data)
    Kxx                                      0x2000011a   Data           2  ical.o(.data)
    Kyy                                      0x2000011c   Data           2  ical.o(.data)
    Kzz                                      0x2000011e   Data           2  ical.o(.data)
    lastCalibCount                           0x20000122   Data           1  ical.o(.data)
    lastR                                    0x20000126   Data           2  ical.o(.data)
    rd                                       0x20000128   Data           2  ical.o(.data)
    diffSameCount                            0x2000012a   Data           1  ical.o(.data)
    IsFirstCalAfterReboot                    0x2000012c   Data           2  ical.o(.data)
    ofsX_old                                 0x20000130   Data           2  ical.o(.data)
    ofsY_old                                 0x20000132   Data           2  ical.o(.data)
    ofsZ_old                                 0x20000134   Data           2  ical.o(.data)
    offset_avgN                              0x20000136   Data           1  ical.o(.data)
    ipitch                                   0x20000138   Data           4  ical.o(.data)
    iroll                                    0x2000013c   Data           4  ical.o(.data)
    nDiffAccuracy_3D                         0x20000140   Data           2  ical.o(.data)
    iHead                                    0x20000144   Data           4  ical.o(.data)
    __stdout                                 0x20000148   Data           4  stdout.o(.data)
    offset_buff                              0x200012f8   Data          24  ical.o(.bss)
    Accsum                                   0x20001310   Data          12  ical.o(.bss)
    fAcc                                     0x2000131c   Data         120  ical.o(.bss)
    Magsum                                   0x20001394   Data          12  ical.o(.bss)
    fMag                                     0x200013a0   Data         240  ical.o(.bss)
    __initial_sp                             0x20001890   Data           0  startup_stm32f10x_md.o(STACK)



==============================================================================

Memory Map of the image

  Image Entry point : 0x080000ed

  Load Region LR_IROM1 (Base: 0x08000000, Size: 0x000091c4, Max: 0x00020000, ABSOLUTE, COMPRESSED[0x000090d0])

    Execution Region ER_IROM1 (Exec base: 0x08000000, Load base: 0x08000000, Size: 0x00009074, Max: 0x00020000, ABSOLUTE)

    Exec Addr    Load Addr    Size         Type   Attr      Idx    E Section Name        Object

    0x08000000   0x08000000   0x000000ec   Data   RO            3    RESET               startup_stm32f10x_md.o
    0x080000ec   0x080000ec   0x00000000   Code   RO         5226  * .ARM.Collect$$$$00000000  mc_w.l(entry.o)
    0x080000ec   0x080000ec   0x00000004   Code   RO         5604    .ARM.Collect$$$$00000001  mc_w.l(entry2.o)
    0x080000f0   0x080000f0   0x00000004   Code   RO         5607    .ARM.Collect$$$$00000004  mc_w.l(entry5.o)
    0x080000f4   0x080000f4   0x00000000   Code   RO         5609    .ARM.Collect$$$$00000008  mc_w.l(entry7b.o)
    0x080000f4   0x080000f4   0x00000000   Code   RO         5611    .ARM.Collect$$$$0000000A  mc_w.l(entry8b.o)
    0x080000f4   0x080000f4   0x00000008   Code   RO         5612    .ARM.Collect$$$$0000000B  mc_w.l(entry9a.o)
    0x080000fc   0x080000fc   0x00000000   Code   RO         5614    .ARM.Collect$$$$0000000D  mc_w.l(entry10a.o)
    0x080000fc   0x080000fc   0x00000000   Code   RO         5616    .ARM.Collect$$$$0000000F  mc_w.l(entry11a.o)
    0x080000fc   0x080000fc   0x00000004   Code   RO         5605    .ARM.Collect$$$$00002712  mc_w.l(entry2.o)
    0x08000100   0x08000100   0x00000024   Code   RO            4    .text               startup_stm32f10x_md.o
    0x08000124   0x08000124   0x00000062   Code   RO         5233    .text               mc_w.l(ldiv.o)
    0x08000186   0x08000186   0x00000024   Code   RO         5235    .text               mc_w.l(memcpya.o)
    0x080001aa   0x080001aa   0x00000024   Code   RO         5237    .text               mc_w.l(memseta.o)
    0x080001ce   0x080001ce   0x000000b0   Code   RO         5508    .text               mf_w.l(fadd.o)
    0x0800027e   0x0800027e   0x00000064   Code   RO         5510    .text               mf_w.l(fmul.o)
    0x080002e2   0x080002e2   0x0000007c   Code   RO         5512    .text               mf_w.l(fdiv.o)
    0x0800035e   0x0800035e   0x0000014e   Code   RO         5514    .text               mf_w.l(dadd.o)
    0x080004ac   0x080004ac   0x000000e4   Code   RO         5516    .text               mf_w.l(dmul.o)
    0x08000590   0x08000590   0x000000de   Code   RO         5518    .text               mf_w.l(ddiv.o)
    0x0800066e   0x0800066e   0x00000012   Code   RO         5520    .text               mf_w.l(fflti.o)
    0x08000680   0x08000680   0x0000000a   Code   RO         5522    .text               mf_w.l(ffltui.o)
    0x0800068a   0x0800068a   0x00000022   Code   RO         5526    .text               mf_w.l(dflti.o)
    0x080006ac   0x080006ac   0x00000032   Code   RO         5530    .text               mf_w.l(ffixi.o)
    0x080006de   0x080006de   0x00000026   Code   RO         5536    .text               mf_w.l(f2d.o)
    0x08000704   0x08000704   0x00000030   Code   RO         5538    .text               mf_w.l(cdcmple.o)
    0x08000734   0x08000734   0x00000030   Code   RO         5540    .text               mf_w.l(cdrcmple.o)
    0x08000764   0x08000764   0x00000038   Code   RO         5542    .text               mf_w.l(d2f.o)
    0x0800079c   0x0800079c   0x00000014   Code   RO         5544    .text               mf_w.l(cfcmple.o)
    0x080007b0   0x080007b0   0x00000014   Code   RO         5546    .text               mf_w.l(cfrcmple.o)
    0x080007c4   0x080007c4   0x0000002c   Code   RO         5620    .text               mc_w.l(uidiv.o)
    0x080007f0   0x080007f0   0x00000062   Code   RO         5622    .text               mc_w.l(uldiv.o)
    0x08000852   0x08000852   0x0000001e   Code   RO         5624    .text               mc_w.l(llshl.o)
    0x08000870   0x08000870   0x00000020   Code   RO         5626    .text               mc_w.l(llushr.o)
    0x08000890   0x08000890   0x00000024   Code   RO         5628    .text               mc_w.l(llsshr.o)
    0x080008b4   0x080008b4   0x00000000   Code   RO         5641    .text               mc_w.l(iusefp.o)
    0x080008b4   0x080008b4   0x0000006e   Code   RO         5642    .text               mf_w.l(fepilogue.o)
    0x08000922   0x08000922   0x00000018   Code   RO         5644    .text               mf_w.l(fscalb.o)
    0x0800093a   0x0800093a   0x0000005e   Code   RO         5646    .text               mf_w.l(fsqrt.o)
    0x08000998   0x08000998   0x0000003c   Code   RO         5648    .text               mf_w.l(frnd.o)
    0x080009d4   0x080009d4   0x000000ba   Code   RO         5650    .text               mf_w.l(depilogue.o)
    0x08000a8e   0x08000a8e   0x0000002e   Code   RO         5652    .text               mf_w.l(dscalb.o)
    0x08000abc   0x08000abc   0x00000030   Code   RO         5654    .text               mf_w.l(dfixul.o)
    0x08000aec   0x08000aec   0x00000024   Code   RO         5656    .text               mc_w.l(init.o)
    0x08000b10   0x08000b10   0x000000a2   Code   RO         5663    .text               mf_w.l(dsqrt.o)
    0x08000bb2   0x08000bb2   0x00000056   Code   RO         5682    .text               mc_w.l(__dczerorl2.o)
    0x08000c08   0x08000c08   0x00000004   Code   RO         3333    i.BusFault_Handler  stm32f10x_it.o
    0x08000c0c   0x08000c0c   0x00000002   Code   RO         3334    i.DebugMon_Handler  stm32f10x_it.o
    0x08000c0e   0x08000c0e   0x00000002   PAD
    0x08000c10   0x08000c10   0x00000020   Code   RO         3108    i.EXTI15_10_IRQHandler  main.o
    0x08000c30   0x08000c30   0x0000001c   Code   RO         3109    i.EXTI4_IRQHandler  main.o
    0x08000c4c   0x08000c4c   0x00000034   Code   RO         3110    i.EXTI9_5_IRQHandler  main.o
    0x08000c80   0x08000c80   0x0000000c   Code   RO          939    i.EXTI_ClearITPendingBit  stm32f10x_exti.o
    0x08000c8c   0x08000c8c   0x00000028   Code   RO          943    i.EXTI_GetITStatus  stm32f10x_exti.o
    0x08000cb4   0x08000cb4   0x00000094   Code   RO          944    i.EXTI_Init         stm32f10x_exti.o
    0x08000d48   0x08000d48   0x000000c8   Code   RO         4828    i.Filter_Acc        ical.o
    0x08000e10   0x08000e10   0x000000cc   Code   RO         4829    i.Filter_Mag        ical.o
    0x08000edc   0x08000edc   0x0000014c   Code   RO         4830    i.Filter_Ori        ical.o
    0x08001028   0x08001028   0x00000054   Code   RO         3998    i.FisImu_Config_apply  fis210x.o
    0x0800107c   0x0800107c   0x00000098   Code   RO         4002    i.FisImu_config_acc  fis210x.o
    0x08001114   0x08001114   0x00000026   Code   RO         4003    i.FisImu_config_ae  fis210x.o
    0x0800113a   0x0800113a   0x00000002   PAD
    0x0800113c   0x0800113c   0x000000bc   Code   RO         4004    i.FisImu_config_gyro  fis210x.o
    0x080011f8   0x080011f8   0x00000002   Code   RO         4005    i.FisImu_config_mag  fis210x.o
    0x080011fa   0x080011fa   0x00000018   Code   RO         4006    i.FisImu_disableWakeOnMotion  fis210x.o
    0x08001212   0x08001212   0x00000074   Code   RO         4007    i.FisImu_doCtrl9Command  fis210x.o
    0x08001286   0x08001286   0x0000001a   Code   RO         4008    i.FisImu_enableSensors  fis210x.o
    0x080012a0   0x080012a0   0x00000178   Code   RO         4010    i.FisImu_init       fis210x.o
    0x08001418   0x08001418   0x00000012   Code   RO         4013    i.FisImu_readStatus0  fis210x.o
    0x0800142a   0x0800142a   0x00000012   Code   RO         4014    i.FisImu_readStatus1  fis210x.o
    0x0800143c   0x0800143c   0x00000020   Code   RO         4019    i.FisImu_read_reg   fis210x.o
    0x0800145c   0x0800145c   0x00000230   Code   RO         4020    i.FisImu_read_xyz   fis210x.o
    0x0800168c   0x0800168c   0x00000080   Code   RO         4021    i.FisImu_read_xyz_raw  fis210x.o
    0x0800170c   0x0800170c   0x0000011c   Code   RO         4022    i.FisImu_set_layout  fis210x.o
    0x08001828   0x08001828   0x00000018   Code   RO         4023    i.FisImu_write_reg  fis210x.o
    0x08001840   0x08001840   0x00000040   Code   RO         1289    i.GPIO_EXTILineConfig  stm32f10x_gpio.o
    0x08001880   0x08001880   0x00000116   Code   RO         1292    i.GPIO_Init         stm32f10x_gpio.o
    0x08001996   0x08001996   0x00000004   Code   RO         1299    i.GPIO_ResetBits    stm32f10x_gpio.o
    0x0800199a   0x0800199a   0x00000004   Code   RO         1300    i.GPIO_SetBits      stm32f10x_gpio.o
    0x0800199e   0x0800199e   0x00000002   PAD
    0x080019a0   0x080019a0   0x0000000c   Code   RO         3399    i.HAL_GetTick       bsp_systick.o
    0x080019ac   0x080019ac   0x0000002c   Code   RO         3400    i.HAL_IncTick       bsp_systick.o
    0x080019d8   0x080019d8   0x00000004   Code   RO         3335    i.HardFault_Handler  stm32f10x_it.o
    0x080019dc   0x080019dc   0x0000009c   Code   RO         4831    i.InvSqrt           ical.o
    0x08001a78   0x08001a78   0x00000004   Code   RO         3336    i.MemManage_Handler  stm32f10x_it.o
    0x08001a7c   0x08001a7c   0x00000002   Code   RO         3337    i.NMI_Handler       stm32f10x_it.o
    0x08001a7e   0x08001a7e   0x00000002   PAD
    0x08001a80   0x08001a80   0x00000070   Code   RO          137    i.NVIC_Init         misc.o
    0x08001af0   0x08001af0   0x00000014   Code   RO          138    i.NVIC_PriorityGroupConfig  misc.o
    0x08001b04   0x08001b04   0x00000040   Code   RO         1650    i.PWR_EnterSTOPMode  stm32f10x_pwr.o
    0x08001b44   0x08001b44   0x00000002   Code   RO         3338    i.PendSV_Handler    stm32f10x_it.o
    0x08001b46   0x08001b46   0x00000002   PAD
    0x08001b48   0x08001b48   0x00000020   Code   RO         1708    i.RCC_APB1PeriphClockCmd  stm32f10x_rcc.o
    0x08001b68   0x08001b68   0x00000020   Code   RO         1710    i.RCC_APB2PeriphClockCmd  stm32f10x_rcc.o
    0x08001b88   0x08001b88   0x0000004c   Code   RO         1717    i.RCC_DeInit        stm32f10x_rcc.o
    0x08001bd4   0x08001bd4   0x000000d4   Code   RO         1718    i.RCC_GetClocksFreq  stm32f10x_rcc.o
    0x08001ca8   0x08001ca8   0x0000003c   Code   RO         1719    i.RCC_GetFlagStatus  stm32f10x_rcc.o
    0x08001ce4   0x08001ce4   0x00000010   Code   RO         1721    i.RCC_GetSYSCLKSource  stm32f10x_rcc.o
    0x08001cf4   0x08001cf4   0x00000018   Code   RO         1722    i.RCC_HCLKConfig    stm32f10x_rcc.o
    0x08001d0c   0x08001d0c   0x0000004c   Code   RO         1723    i.RCC_HSEConfig     stm32f10x_rcc.o
    0x08001d58   0x08001d58   0x00000018   Code   RO         1729    i.RCC_PCLK1Config   stm32f10x_rcc.o
    0x08001d70   0x08001d70   0x00000018   Code   RO         1730    i.RCC_PCLK2Config   stm32f10x_rcc.o
    0x08001d88   0x08001d88   0x0000000c   Code   RO         1731    i.RCC_PLLCmd        stm32f10x_rcc.o
    0x08001d94   0x08001d94   0x0000001c   Code   RO         1732    i.RCC_PLLConfig     stm32f10x_rcc.o
    0x08001db0   0x08001db0   0x00000018   Code   RO         1735    i.RCC_SYSCLKConfig  stm32f10x_rcc.o
    0x08001dc8   0x08001dc8   0x00000038   Code   RO         1737    i.RCC_WaitForHSEStartUp  stm32f10x_rcc.o
    0x08001e00   0x08001e00   0x00000002   Code   RO         3339    i.SVC_Handler       stm32f10x_it.o
    0x08001e02   0x08001e02   0x00000056   Code   RO         3111    i.SYSCLK_Config_WakeUp  main.o
    0x08001e58   0x08001e58   0x00000008   Code   RO           24    i.SetSysClock       system_stm32f10x.o
    0x08001e60   0x08001e60   0x000000e0   Code   RO           25    i.SetSysClockTo72   system_stm32f10x.o
    0x08001f40   0x08001f40   0x00000018   Code   RO         4832    i.Set_Picth_Roll    ical.o
    0x08001f58   0x08001f58   0x00000026   Code   RO         3401    i.SysTick_Enable    bsp_systick.o
    0x08001f7e   0x08001f7e   0x00000008   Code   RO         3340    i.SysTick_Handler   stm32f10x_it.o
    0x08001f86   0x08001f86   0x00000002   PAD
    0x08001f88   0x08001f88   0x00000078   Code   RO         3402    i.SysTick_Init      bsp_systick.o
    0x08002000   0x08002000   0x00000060   Code   RO           27    i.SystemInit        system_stm32f10x.o
    0x08002060   0x08002060   0x0000001a   Code   RO         3112    i.TIM2_IRQHandler   main.o
    0x0800207a   0x0800207a   0x00000006   Code   RO         2337    i.TIM_ClearITPendingBit  stm32f10x_tim.o
    0x08002080   0x08002080   0x00000022   Code   RO         2363    i.TIM_GetITStatus   stm32f10x_tim.o
    0x080020a2   0x080020a2   0x00000018   Code   RO         2878    i.USART_Cmd         stm32f10x_usart.o
    0x080020ba   0x080020ba   0x00000002   PAD
    0x080020bc   0x080020bc   0x0000007c   Code   RO         3436    i.USART_Config      bsp_usart.o
    0x08002138   0x08002138   0x0000001a   Code   RO         2881    i.USART_GetFlagStatus  stm32f10x_usart.o
    0x08002152   0x08002152   0x00000002   PAD
    0x08002154   0x08002154   0x000000d8   Code   RO         2885    i.USART_Init        stm32f10x_usart.o
    0x0800222c   0x0800222c   0x00000008   Code   RO         2895    i.USART_SendData    stm32f10x_usart.o
    0x08002234   0x08002234   0x00000004   Code   RO         3341    i.UsageFault_Handler  stm32f10x_it.o
    0x08002238   0x08002238   0x000000a8   Code   RO         4545    i._Z20qst_algo_gravity_accPf  imualgo.o
    0x080022e0   0x080022e0   0x00000014   Code   RO         4546    i._Z7qmemsetPvci    imualgo.o
    0x080022f4   0x080022f4   0x00000014   Code   RO         4463    i._Z8FastSqrtf      fastmath.o
    0x08002308   0x08002308   0x0000004c   Code   RO         4465    i._Z9FastSqrtIf     fastmath.o
    0x08002354   0x08002354   0x0000001c   Code   RO         5473    i.__0fprintf        mc_w.l(printfa.o)
    0x08002370   0x08002370   0x00000020   Code   RO         5474    i.__0printf         mc_w.l(printfa.o)
    0x08002390   0x08002390   0x00000028   Code   RO         5572    i.__ARM_fpclassify  m_ws.l(fpclassify.o)
    0x080023b8   0x080023b8   0x00000026   Code   RO         5574    i.__ARM_fpclassifyf  m_ws.l(fpclassifyf.o)
    0x080023de   0x080023de   0x000000aa   Code   RO         5590    i.__kernel_poly     m_ws.l(poly.o)
    0x08002488   0x08002488   0x00000010   Code   RO         5558    i.__mathlib_dbl_divzero  m_ws.l(dunder.o)
    0x08002498   0x08002498   0x00000006   Code   RO         5559    i.__mathlib_dbl_infnan  m_ws.l(dunder.o)
    0x0800249e   0x0800249e   0x00000004   Code   RO         5560    i.__mathlib_dbl_infnan2  m_ws.l(dunder.o)
    0x080024a2   0x080024a2   0x0000000c   Code   RO         5561    i.__mathlib_dbl_invalid  m_ws.l(dunder.o)
    0x080024ae   0x080024ae   0x0000000e   Code   RO         5562    i.__mathlib_dbl_overflow  m_ws.l(dunder.o)
    0x080024bc   0x080024bc   0x00000010   Code   RO         5564    i.__mathlib_dbl_underflow  m_ws.l(dunder.o)
    0x080024cc   0x080024cc   0x00000006   Code   RO         5577    i.__mathlib_flt_infnan  m_ws.l(funder.o)
    0x080024d2   0x080024d2   0x00000008   Code   RO         5579    i.__mathlib_flt_invalid  m_ws.l(funder.o)
    0x080024da   0x080024da   0x0000000a   Code   RO         5582    i.__mathlib_flt_underflow  m_ws.l(funder.o)
    0x080024e4   0x080024e4   0x00000168   Code   RO         5593    i.__mathlib_rredf2  m_ws.l(rredf.o)
    0x0800264c   0x0800264c   0x0000000e   Code   RO         5676    i.__scatterload_copy  mc_w.l(handlers.o)
    0x0800265a   0x0800265a   0x00000002   Code   RO         5677    i.__scatterload_null  mc_w.l(handlers.o)
    0x0800265c   0x0800265c   0x0000000e   Code   RO         5678    i.__scatterload_zeroinit  mc_w.l(handlers.o)
    0x0800266a   0x0800266a   0x00000002   PAD
    0x0800266c   0x0800266c   0x0000000c   Code   RO         5632    i.__set_errno       mc_w.l(errno.o)
    0x08002678   0x08002678   0x00000184   Code   RO         5481    i._fp_digits        mc_w.l(printfa.o)
    0x080027fc   0x080027fc   0x000006dc   Code   RO         5482    i._printf_core      mc_w.l(printfa.o)
    0x08002ed8   0x08002ed8   0x00000024   Code   RO         5483    i._printf_post_padding  mc_w.l(printfa.o)
    0x08002efc   0x08002efc   0x0000002e   Code   RO         5484    i._printf_pre_padding  mc_w.l(printfa.o)
    0x08002f2a   0x08002f2a   0x00000002   PAD
    0x08002f2c   0x08002f2c   0x00000014   Code   RO         3113    i.acc_int1_callback  main.o
    0x08002f40   0x08002f40   0x00000014   Code   RO         3114    i.acc_int2_callback  main.o
    0x08002f54   0x08002f54   0x00000034   Code   RO         3115    i.acc_process_irq   main.o
    0x08002f88   0x08002f88   0x000000f0   Code   RO         3116    i.acc_setup_irq     main.o
    0x08003078   0x08003078   0x00000124   Code   RO         5167    i.asinf             m_ws.l(asinf.o)
    0x0800319c   0x0800319c   0x00000220   Code   RO         5549    i.atan              m_ws.l(atan.o)
    0x080033bc   0x080033bc   0x00000180   Code   RO         5175    i.atan2             m_ws.l(atan2.o)
    0x0800353c   0x0800353c   0x00000098   Code   RO         3117    i.bsp_gpio_config   main.o
    0x080035d4   0x080035d4   0x000000a0   Code   RO         4833    i.checkAccuracy     ical.o
    0x08003674   0x08003674   0x0000000c   Code   RO         4834    i.clear_offset      ical.o
    0x08003680   0x08003680   0x0000017c   Code   RO         5191    i.cosf              m_ws.l(cosf.o)
    0x080037fc   0x080037fc   0x00000084   Code   RO         4179    i.delay_us          qst_sw_i2c.o
    0x08003880   0x08003880   0x00000078   Code   RO         4835    i.em_JTJ            ical.o
    0x080038f8   0x080038f8   0x00000058   Code   RO         4836    i.em_JTJinvJK       ical.o
    0x08003950   0x08003950   0x00000048   Code   RO         4837    i.em_JTK            ical.o
    0x08003998   0x08003998   0x00000098   Code   RO         4838    i.em_average        ical.o
    0x08003a30   0x08003a30   0x00000064   Code   RO         4839    i.em_center         ical.o
    0x08003a94   0x08003a94   0x0000005c   Code   RO         4840    i.em_demean         ical.o
    0x08003af0   0x08003af0   0x00000140   Code   RO         4841    i.em_invert         ical.o
    0x08003c30   0x08003c30   0x00000038   Code   RO         4842    i.em_moveData       ical.o
    0x08003c68   0x08003c68   0x000000e4   Code   RO         4843    i.em_prepare_data   ical.o
    0x08003d4c   0x08003d4c   0x000000d0   Code   RO         4844    i.em_restore_data   ical.o
    0x08003e1c   0x08003e1c   0x000000be   Code   RO         4845    i.em_results        ical.o
    0x08003eda   0x08003eda   0x00000002   PAD
    0x08003edc   0x08003edc   0x00000024   Code   RO         3438    i.fputc             bsp_usart.o
    0x08003f00   0x08003f00   0x0000000c   Code   RO         4847    i.get_mag_accuracy  ical.o
    0x08003f0c   0x08003f0c   0x00000040   Code   RO         4180    i.i2c_Ack           qst_sw_i2c.o
    0x08003f4c   0x08003f4c   0x00000034   Code   RO         4181    i.i2c_NAck          qst_sw_i2c.o
    0x08003f80   0x08003f80   0x00000094   Code   RO         4182    i.i2c_ReadByte      qst_sw_i2c.o
    0x08004014   0x08004014   0x00000064   Code   RO         4183    i.i2c_SendByte      qst_sw_i2c.o
    0x08004078   0x08004078   0x00000050   Code   RO         4184    i.i2c_Start         qst_sw_i2c.o
    0x080040c8   0x080040c8   0x0000003c   Code   RO         4185    i.i2c_Stop          qst_sw_i2c.o
    0x08004104   0x08004104   0x0000007c   Code   RO         4186    i.i2c_WaitAck       qst_sw_i2c.o
    0x08004180   0x08004180   0x00000030   Code   RO         4187    i.i2c_sw_gpio_config  qst_sw_i2c.o
    0x080041b0   0x080041b0   0x00000048   Code   RO         4850    i.ical_Init         ical.o
    0x080041f8   0x080041f8   0x00000048   Code   RO         4851    i.ical_addSample    ical.o
    0x08004240   0x08004240   0x0000011c   Code   RO         4852    i.ical_clearFarPoint  ical.o
    0x0800435c   0x0800435c   0x00000034   Code   RO         4854    i.ical_collectDataPoint  ical.o
    0x08004390   0x08004390   0x00000074   Code   RO         4855    i.ical_computeCalibration  ical.o
    0x08004404   0x08004404   0x000000e8   Code   RO         4856    i.ical_qualify      ical.o
    0x080044ec   0x080044ec   0x000000d8   Code   RO         4857    i.ical_shiftData    ical.o
    0x080045c4   0x080045c4   0x0000005c   Code   RO         3123    i.imu_drdy_callback_test  main.o
    0x08004620   0x08004620   0x0000011c   Code   RO         3124    i.imu_hw_reset      main.o
    0x0800473c   0x0800473c   0x00000064   Code   RO         3125    i.imu_polling_test  main.o
    0x080047a0   0x080047a0   0x00000084   Code   RO         3126    i.imu_process_irq   main.o
    0x08004824   0x08004824   0x000000f8   Code   RO         3127    i.imu_setup_irq     main.o
    0x0800491c   0x0800491c   0x00000094   Code   RO         3128    i.imu_sw_cali       main.o
    0x080049b0   0x080049b0   0x00000018   Code   RO         4858    i.mFabs             ical.o
    0x080049c8   0x080049c8   0x00000016   Code   RO         4859    i.mMemset           ical.o
    0x080049de   0x080049de   0x00000010   Code   RO         4860    i.mSabs             ical.o
    0x080049ee   0x080049ee   0x00000002   PAD
    0x080049f0   0x080049f0   0x0000006c   Code   RO         4861    i.mSqrt             ical.o
    0x08004a5c   0x08004a5c   0x000002c8   Code   RO         3129    i.main              main.o
    0x08004d24   0x08004d24   0x00000006   Code   RO         3130    i.mcu_sleep_check   main.o
    0x08004d2a   0x08004d2a   0x00000002   PAD
    0x08004d2c   0x08004d2c   0x00000058   Code   RO         3131    i.mcu_sleep_exit    main.o
    0x08004d84   0x08004d84   0x000009d8   Code   RO         5199    i.pow               m_ws.l(pow.o)
    0x0800575c   0x0800575c   0x00000440   Code   RO         4863    i.process           ical.o
    0x08005b9c   0x08005b9c   0x000001b0   Code   RO         4864    i.push2mcal         ical.o
    0x08005d4c   0x08005d4c   0x000000c4   Code   RO         3645    i.qma6981_initialize  qmax981.o
    0x08005e10   0x08005e10   0x0000007c   Code   RO         3646    i.qma6981_read_raw_xyz  qmax981.o
    0x08005e8c   0x08005e8c   0x00000184   Code   RO         3647    i.qma7981_initialize  qmax981.o
    0x08006010   0x08006010   0x00000084   Code   RO         3648    i.qma7981_read_raw_xyz  qmax981.o
    0x08006094   0x08006094   0x00000260   Code   RO         3649    i.qma7981_v2_initialize  qmax981.o
    0x080062f4   0x080062f4   0x000000dc   Code   RO         3650    i.qmaX981_check_no_motion  qmax981.o
    0x080063d0   0x080063d0   0x0000003c   Code   RO         3651    i.qmaX981_chip_id   qmax981.o
    0x0800640c   0x0800640c   0x00000018   Code   RO         3652    i.qmaX981_delay     qmax981.o
    0x08006424   0x08006424   0x000001ac   Code   RO         3653    i.qmaX981_init      qmax981.o
    0x080065d0   0x080065d0   0x00000078   Code   RO         3654    i.qmaX981_irq_hdlr  qmax981.o
    0x08006648   0x08006648   0x000000b8   Code   RO         3655    i.qmaX981_read_acc  qmax981.o
    0x08006700   0x08006700   0x00000038   Code   RO         3656    i.qmaX981_read_raw  qmax981.o
    0x08006738   0x08006738   0x0000001c   Code   RO         3657    i.qmaX981_readreg   qmax981.o
    0x08006754   0x08006754   0x00000018   Code   RO         3658    i.qmaX981_writereg  qmax981.o
    0x0800676c   0x0800676c   0x0000002a   Code   RO         4391    i.qmc6308_enable    qmc6308.o
    0x08006796   0x08006796   0x00000002   PAD
    0x08006798   0x08006798   0x000000c4   Code   RO         4392    i.qmc6308_get_chipid  qmc6308.o
    0x0800685c   0x0800685c   0x00000078   Code   RO         4393    i.qmc6308_init      qmc6308.o
    0x080068d4   0x080068d4   0x00000016   Code   RO         4394    i.qmc6308_read_block  qmc6308.o
    0x080068ea   0x080068ea   0x00000002   PAD
    0x080068ec   0x080068ec   0x000000ec   Code   RO         4395    i.qmc6308_read_mag_xyz  qmc6308.o
    0x080069d8   0x080069d8   0x00000118   Code   RO         4396    i.qmc6308_set_layout  qmc6308.o
    0x08006af0   0x08006af0   0x00000068   Code   RO         4397    i.qmc6308_set_mode  qmc6308.o
    0x08006b58   0x08006b58   0x00000078   Code   RO         4398    i.qmc6308_set_output_data_rate  qmc6308.o
    0x08006bd0   0x08006bd0   0x00000012   Code   RO         4399    i.qmc6308_write_reg  qmc6308.o
    0x08006be2   0x08006be2   0x00000018   Code   RO         3747    i.qmcX983_ReadData  qmcx983.o
    0x08006bfa   0x08006bfa   0x00000014   Code   RO         3748    i.qmcX983_WriteReg  qmcx983.o
    0x08006c0e   0x08006c0e   0x00000018   Code   RO         3749    i.qmcX983_delay     qmcx983.o
    0x08006c26   0x08006c26   0x00000002   PAD
    0x08006c28   0x08006c28   0x000001a4   Code   RO         3750    i.qmcX983_device_check  qmcx983.o
    0x08006dcc   0x08006dcc   0x0000007c   Code   RO         3751    i.qmcX983_enable    qmcx983.o
    0x08006e48   0x08006e48   0x00000080   Code   RO         3753    i.qmcX983_init      qmcx983.o
    0x08006ec8   0x08006ec8   0x00000184   Code   RO         3754    i.qmcX983_read_mag_xyz  qmcx983.o
    0x0800704c   0x0800704c   0x0000000c   Code   RO         3755    i.qmcX983_start_measure  qmcx983.o
    0x08007058   0x08007058   0x000001c4   Code   RO         3757    i.qmcx983_get_OPT   qmcx983.o
    0x0800721c   0x0800721c   0x0000001c   Code   RO         3908    i.qmp6988_ReadData  qmp6988.o
    0x08007238   0x08007238   0x00000014   Code   RO         3909    i.qmp6988_WriteReg  qmp6988.o
    0x0800724c   0x0800724c   0x00000088   Code   RO         3910    i.qmp6988_calc_altitude  qmp6988.o
    0x080072d4   0x080072d4   0x000000d0   Code   RO         3911    i.qmp6988_calc_pressure  qmp6988.o
    0x080073a4   0x080073a4   0x00000072   Code   RO         3912    i.qmp6988_convTx_02e  qmp6988.o
    0x08007416   0x08007416   0x00000018   Code   RO         3913    i.qmp6988_delay     qmp6988.o
    0x0800742e   0x0800742e   0x00000002   PAD
    0x08007430   0x08007430   0x00000090   Code   RO         3914    i.qmp6988_device_check  qmp6988.o
    0x080074c0   0x080074c0   0x00000484   Code   RO         3915    i.qmp6988_get_calibration_data  qmp6988.o
    0x08007944   0x08007944   0x00000242   Code   RO         3916    i.qmp6988_get_pressure_02e  qmp6988.o
    0x08007b86   0x08007b86   0x00000048   Code   RO         3917    i.qmp6988_init      qmp6988.o
    0x08007bce   0x08007bce   0x0000001c   Code   RO         3918    i.qmp6988_set_filter  qmp6988.o
    0x08007bea   0x08007bea   0x0000003c   Code   RO         3919    i.qmp6988_set_oversampling_p  qmp6988.o
    0x08007c26   0x08007c26   0x0000003c   Code   RO         3920    i.qmp6988_set_oversampling_t  qmp6988.o
    0x08007c62   0x08007c62   0x00000002   PAD
    0x08007c64   0x08007c64   0x000000a4   Code   RO         3921    i.qmp6988_set_powermode  qmp6988.o
    0x08007d08   0x08007d08   0x00000002   Code   RO         3922    i.qmp6988_software_reset  qmp6988.o
    0x08007d0a   0x08007d0a   0x00000002   PAD
    0x08007d0c   0x08007d0c   0x000006ec   Code   RO         4549    i.qst_algo_imu_cali  imualgo.o
    0x080083f8   0x080083f8   0x000000d4   Code   RO         4550    i.qst_algo_imu_data_process  imualgo.o
    0x080084cc   0x080084cc   0x00000054   Code   RO         4551    i.qst_algo_imu_get_offset  imualgo.o
    0x08008520   0x08008520   0x00000244   Code   RO         4552    i.qst_algo_imu_init  imualgo.o
    0x08008764   0x08008764   0x00000014   Code   RO         3132    i.qst_delay         main.o
    0x08008778   0x08008778   0x00000180   Code   RO         3133    i.qst_sensor_read   main.o
    0x080088f8   0x080088f8   0x00000072   Code   RO         4190    i.qst_sw_readreg    qst_sw_i2c.o
    0x0800896a   0x0800896a   0x00000044   Code   RO         4191    i.qst_sw_writereg   qst_sw_i2c.o
    0x080089ae   0x080089ae   0x00000002   PAD
    0x080089b0   0x080089b0   0x0000008c   Code   RO         4865    i.removePointAt     ical.o
    0x08008a3c   0x08008a3c   0x00000188   Code   RO         5209    i.sinf              m_ws.l(sinf.o)
    0x08008bc4   0x08008bc4   0x0000004c   Code   RO         5597    i.sqrt              m_ws.l(sqrt.o)
    0x08008c10   0x08008c10   0x0000002c   Code   RO         5217    i.sqrtf             m_ws.l(sqrtf.o)
    0x08008c3c   0x08008c3c   0x00000078   Code   RO         4866    i.storeCalibrationToFile  ical.o
    0x08008cb4   0x08008cb4   0x000000dc   Code   RO         4867    i.update_offset     ical.o
    0x08008d90   0x08008d90   0x0000002c   Code   RO         4868    i.vec_diff          ical.o
    0x08008dbc   0x08008dbc   0x0000005a   Code   RO         4869    i.vec_magnitude     ical.o
    0x08008e16   0x08008e16   0x00000086   Data   RO         3660    .constdata          qmax981.o
    0x08008e9c   0x08008e9c   0x00000025   Data   RO         3759    .constdata          qmcx983.o
    0x08008ec1   0x08008ec1   0x00000015   Data   RO         3923    .constdata          qmp6988.o
    0x08008ed6   0x08008ed6   0x00000013   Data   RO         4400    .constdata          qmc6308.o
    0x08008ee9   0x08008ee9   0x00000003   PAD
    0x08008eec   0x08008eec   0x0000000c   Data   RO         4568    .constdata          imualgo.o
    0x08008ef8   0x08008ef8   0x00000088   Data   RO         5200    .constdata          m_ws.l(pow.o)
    0x08008f80   0x08008f80   0x00000098   Data   RO         5550    .constdata          m_ws.l(atan.o)
    0x08009018   0x08009018   0x00000008   Data   RO         5592    .constdata          m_ws.l(qnan.o)
    0x08009020   0x08009020   0x00000020   Data   RO         5594    .constdata          m_ws.l(rredf.o)
    0x08009040   0x08009040   0x00000014   Data   RO         4871    .conststring        ical.o
    0x08009054   0x08009054   0x00000020   Data   RO         5674    Region$$Table       anon$$obj.o


    Execution Region RW_IRAM1 (Exec base: 0x20000000, Load base: 0x08009074, Size: 0x00001890, Max: 0x00005000, ABSOLUTE, COMPRESSED[0x0000005c])

    Exec Addr    Load Addr    Size         Type   Attr      Idx    E Section Name        Object

    0x20000000   COMPRESSED   0x00000014   Data   RW           28    .data               system_stm32f10x.o
    0x20000014   COMPRESSED   0x00000014   Data   RW         1738    .data               stm32f10x_rcc.o
    0x20000028   COMPRESSED   0x00000020   Data   RW         3135    .data               main.o
    0x20000048   COMPRESSED   0x0000000c   Data   RW         3403    .data               bsp_systick.o
    0x20000054   COMPRESSED   0x00000001   Data   RW         3661    .data               qmax981.o
    0x20000055   COMPRESSED   0x00000001   PAD
    0x20000056   COMPRESSED   0x00000080   Data   RW         3760    .data               qmcx983.o
    0x200000d6   COMPRESSED   0x0000000c   Data   RW         4028    .data               fis210x.o
    0x200000e2   COMPRESSED   0x0000000a   Data   RW         4401    .data               qmc6308.o
    0x200000ec   COMPRESSED   0x00000020   Data   RW         4569    .data               imualgo.o
    0x2000010c   COMPRESSED   0x0000003c   Data   RW         4872    .data               ical.o
    0x20000148   COMPRESSED   0x00000004   Data   RW         5619    .data               mc_w.l(stdout.o)
    0x2000014c   COMPRESSED   0x00000004   Data   RW         5633    .data               mc_w.l(errno.o)
    0x20000150        -       0x0000014c   Zero   RW         3134    .bss                main.o
    0x2000029c        -       0x00000024   Zero   RW         3659    .bss                qmax981.o
    0x200002c0        -       0x00000014   Zero   RW         3758    .bss                qmcx983.o
    0x200002d4        -       0x0000000c   Zero   RW         4027    .bss                fis210x.o
    0x200002e0        -       0x00000854   Zero   RW         4567    .bss                imualgo.o
    0x20000b34        -       0x0000095c   Zero   RW         4870    .bss                ical.o
    0x20001490        -       0x00000400   Zero   RW            1    STACK               startup_stm32f10x_md.o


==============================================================================

Image component sizes


      Code (inc. data)   RO Data    RW Data    ZI Data      Debug   Object Name

       214         24          0         12          0      17603   bsp_systick.o
       160         12          0          0          0       1195   bsp_usart.o
         0          0          0          0          0       4508   core_cm3.o
        96         14          0          0          0       4211   fastmath.o
      2070        216          0         12         12      11535   fis210x.o
      6074        426         20         60       2396      29948   ical.o
      2836        258         12         32       2132       8317   imualgo.o
      2922        552          0         32        332      22980   main.o
       132         22          0          0          0       1567   misc.o
      2592        564        134          1         36      11037   qmax981.o
      1138        206         19         10          0       7664   qmc6308.o
      1592        334         37        128         20       7046   qmcx983.o
      2794        628         21          0          0      10709   qmp6988.o
       990         38          0          0          0       7371   qst_sw_i2c.o
        36          8        236          0       1024        872   startup_stm32f10x_md.o
       200         18          0          0          0       2152   stm32f10x_exti.o
       350          4          0          0          0       3706   stm32f10x_gpio.o
        32          0          0          0          0       3986   stm32f10x_it.o
        64         10          0          0          0        656   stm32f10x_pwr.o
       696         92          0         20          0      10682   stm32f10x_rcc.o
        40          0          0          0          0       1790   stm32f10x_tim.o
       274          6          0          0          0       4072   stm32f10x_usart.o
       328         28          0         20          0     251585   system_stm32f10x.o

    ----------------------------------------------------------------------
     25666       3460        514        328       5952     425192   Object Totals
         0          0         32          0          0          0   (incl. Generated)
        36          0          3          1          0          0   (incl. Padding)

    ----------------------------------------------------------------------

      Code (inc. data)   RO Data    RW Data    ZI Data      Debug   Library Member Name

       292         38          0          0          0        120   asinf.o
       544         70        152          0          0        124   atan.o
       384         38          0          0          0        144   atan2.o
       380         52          0          0          0        124   cosf.o
        68         10          0          0          0        408   dunder.o
        40          0          0          0          0         68   fpclassify.o
        38          0          0          0          0         68   fpclassifyf.o
        24          0          0          0          0        204   funder.o
       170          0          0          0          0         96   poly.o
      2520        190        136          0          0        324   pow.o
         0          0          8          0          0          0   qnan.o
       360         16         32          0          0         88   rredf.o
       392         54          0          0          0        124   sinf.o
        76          0          0          0          0         84   sqrt.o
        44          0          0          0          0         80   sqrtf.o
        86          0          0          0          0          0   __dczerorl2.o
         0          0          0          0          0          0   entry.o
         0          0          0          0          0          0   entry10a.o
         0          0          0          0          0          0   entry11a.o
         8          4          0          0          0          0   entry2.o
         4          0          0          0          0          0   entry5.o
         0          0          0          0          0          0   entry7b.o
         0          0          0          0          0          0   entry8b.o
         8          4          0          0          0          0   entry9a.o
        12          6          0          4          0         68   errno.o
        30          0          0          0          0          0   handlers.o
        36          8          0          0          0         68   init.o
         0          0          0          0          0          0   iusefp.o
        98          0          0          0          0         84   ldiv.o
        30          0          0          0          0         68   llshl.o
        36          0          0          0          0         68   llsshr.o
        32          0          0          0          0         68   llushr.o
        36          0          0          0          0         68   memcpya.o
        36          0          0          0          0        108   memseta.o
      2286         96          0          0          0        536   printfa.o
         0          0          0          4          0          0   stdout.o
        44          0          0          0          0         80   uidiv.o
        98          0          0          0          0         92   uldiv.o
        48          0          0          0          0         68   cdcmple.o
        48          0          0          0          0         68   cdrcmple.o
        20          0          0          0          0         68   cfcmple.o
        20          0          0          0          0         68   cfrcmple.o
        56          0          0          0          0         88   d2f.o
       334          0          0          0          0        148   dadd.o
       222          0          0          0          0        100   ddiv.o
       186          0          0          0          0        176   depilogue.o
        48          0          0          0          0         68   dfixul.o
        34          0          0          0          0         76   dflti.o
       228          0          0          0          0         96   dmul.o
        46          0          0          0          0         80   dscalb.o
       162          0          0          0          0        100   dsqrt.o
        38          0          0          0          0         68   f2d.o
       176          0          0          0          0        140   fadd.o
       124          0          0          0          0         88   fdiv.o
       110          0          0          0          0        168   fepilogue.o
        50          0          0          0          0         68   ffixi.o
        18          0          0          0          0         68   fflti.o
        10          0          0          0          0         68   ffltui.o
       100          0          0          0          0         76   fmul.o
        60          0          0          0          0         76   frnd.o
        24          0          0          0          0         68   fscalb.o
        94          0          0          0          0         96   fsqrt.o

    ----------------------------------------------------------------------
     10472        586        328          8          0       5552   Library Totals
         4          0          0          0          0          0   (incl. Padding)

    ----------------------------------------------------------------------

      Code (inc. data)   RO Data    RW Data    ZI Data      Debug   Library Name

      5332        468        328          0          0       2056   m_ws.l
      2880        118          0          8          0       1308   mc_w.l
      2256          0          0          0          0       2188   mf_w.l

    ----------------------------------------------------------------------
     10472        586        328          8          0       5552   Library Totals

    ----------------------------------------------------------------------

==============================================================================


      Code (inc. data)   RO Data    RW Data    ZI Data      Debug   

     36138       4046        842        336       5952     418392   Grand Totals
     36138       4046        842         92       5952     418392   ELF Image Totals (compressed)
     36138       4046        842         92          0          0   ROM Totals

==============================================================================

    Total RO  Size (Code + RO Data)                36980 (  36.11kB)
    Total RW  Size (RW Data + ZI Data)              6288 (   6.14kB)
    Total ROM Size (Code + RO Data + RW Data)      37072 (  36.20kB)

==============================================================================

